Python used:
/scratch/rmonterogonzal/FRML_Reproduction/.venv/bin/python
Python 3.11.9
Testing imports:
imports ok
Starting experiment:
Loading DVSGesture train subset...
Loaded 10/1077 samples
Loaded 20/1077 samples
Loaded 30/1077 samples
Loaded 40/1077 samples
Loaded 50/1077 samples
Loaded 60/1077 samples
Loaded 70/1077 samples
Loaded 80/1077 samples
Loaded 90/1077 samples
Loaded 100/1077 samples
Loaded 110/1077 samples
Loaded 120/1077 samples
Loaded 130/1077 samples
Loaded 140/1077 samples
Loaded 150/1077 samples
Loaded 160/1077 samples
Loaded 170/1077 samples
Loaded 180/1077 samples
Loaded 190/1077 samples
Loaded 200/1077 samples
Loaded 210/1077 samples
Loaded 220/1077 samples
Loaded 230/1077 samples
Loaded 240/1077 samples
Loaded 250/1077 samples
Loaded 260/1077 samples
Loaded 270/1077 samples
Loaded 280/1077 samples
Loaded 290/1077 samples
Loaded 300/1077 samples
Loaded 310/1077 samples
Loaded 320/1077 samples
Loaded 330/1077 samples
Loaded 340/1077 samples
Loaded 350/1077 samples
Loaded 360/1077 samples
Loaded 370/1077 samples
Loaded 380/1077 samples
Loaded 390/1077 samples
Loaded 400/1077 samples
Loaded 410/1077 samples
Loaded 420/1077 samples
Loaded 430/1077 samples
Loaded 440/1077 samples
Loaded 450/1077 samples
Loaded 460/1077 samples
Loaded 470/1077 samples
Loaded 480/1077 samples
Loaded 490/1077 samples
Loaded 500/1077 samples
Loaded 510/1077 samples
Loaded 520/1077 samples
Loaded 530/1077 samples
Loaded 540/1077 samples
Loaded 550/1077 samples
Loaded 560/1077 samples
Loaded 570/1077 samples
Loaded 580/1077 samples
Loaded 590/1077 samples
Loaded 600/1077 samples
Loaded 610/1077 samples
Loaded 620/1077 samples
Loaded 630/1077 samples
Loaded 640/1077 samples
Loaded 650/1077 samples
Loaded 660/1077 samples
Loaded 670/1077 samples
Loaded 680/1077 samples
Loaded 690/1077 samples
Loaded 700/1077 samples
Loaded 710/1077 samples
Loaded 720/1077 samples
Loaded 730/1077 samples
Loaded 740/1077 samples
Loaded 750/1077 samples
Loaded 760/1077 samples
Loaded 770/1077 samples
Loaded 780/1077 samples
Loaded 790/1077 samples
Loaded 800/1077 samples
Loaded 810/1077 samples
Loaded 820/1077 samples
Loaded 830/1077 samples
Loaded 840/1077 samples
Loaded 850/1077 samples
Loaded 860/1077 samples
Loaded 870/1077 samples
Loaded 880/1077 samples
Loaded 890/1077 samples
Loaded 900/1077 samples
Loaded 910/1077 samples
Loaded 920/1077 samples
Loaded 930/1077 samples
Loaded 940/1077 samples
Loaded 950/1077 samples
Loaded 960/1077 samples
Loaded 970/1077 samples
Loaded 980/1077 samples
Loaded 990/1077 samples
Loaded 1000/1077 samples
Loaded 1010/1077 samples
Loaded 1020/1077 samples
Loaded 1030/1077 samples
Loaded 1040/1077 samples
Loaded 1050/1077 samples
Loaded 1060/1077 samples
Loaded 1070/1077 samples
Loading DVSGesture test subset...
Loaded 10/264 samples
Loaded 20/264 samples
Loaded 30/264 samples
Loaded 40/264 samples
Loaded 50/264 samples
Loaded 60/264 samples
Loaded 70/264 samples
Loaded 80/264 samples
Loaded 90/264 samples
Loaded 100/264 samples
Loaded 110/264 samples
Loaded 120/264 samples
Loaded 130/264 samples
Loaded 140/264 samples
Loaded 150/264 samples
Loaded 160/264 samples
Loaded 170/264 samples
Loaded 180/264 samples
Loaded 190/264 samples
Loaded 200/264 samples
Loaded 210/264 samples
Loaded 220/264 samples
Loaded 230/264 samples
Loaded 240/264 samples
Loaded 250/264 samples
Loaded 260/264 samples
Train labels: [97 98 98 98 98 98 98 98 98 98 98]
Test labels: [24 24 24 24 24 24 24 24 24 24 24]
Input shape: (1077, 80, 8192)
Creating receptive-field LSM...
Transforming train data...
Transformed 25/1077 samples
Transformed 50/1077 samples
Transformed 75/1077 samples
Transformed 100/1077 samples
Transformed 125/1077 samples
Transformed 150/1077 samples
Transformed 175/1077 samples
Transformed 200/1077 samples
Transformed 225/1077 samples
Transformed 250/1077 samples
Transformed 275/1077 samples
Transformed 300/1077 samples
Transformed 325/1077 samples
Transformed 350/1077 samples
Transformed 375/1077 samples
Transformed 400/1077 samples
Transformed 425/1077 samples
Transformed 450/1077 samples
Transformed 475/1077 samples
Transformed 500/1077 samples
Transformed 525/1077 samples
Transformed 550/1077 samples
Transformed 575/1077 samples
Transformed 600/1077 samples
Transformed 625/1077 samples
Transformed 650/1077 samples
Transformed 675/1077 samples
Transformed 700/1077 samples
Transformed 725/1077 samples
Transformed 750/1077 samples
Transformed 775/1077 samples
Transformed 800/1077 samples
Transformed 825/1077 samples
Transformed 850/1077 samples
Transformed 875/1077 samples
Transformed 900/1077 samples
Transformed 925/1077 samples
Transformed 950/1077 samples
Transformed 975/1077 samples
Transformed 1000/1077 samples
Transformed 1025/1077 samples
Transformed 1050/1077 samples
Transformed 1075/1077 samples
Transforming test data...
Transformed 25/264 samples
Transformed 50/264 samples
Transformed 75/264 samples
Transformed 100/264 samples
Transformed 125/264 samples
Transformed 150/264 samples
Transformed 175/264 samples
Transformed 200/264 samples
Transformed 225/264 samples
Transformed 250/264 samples
Feature shape train: (1077, 4000)
Feature shape test: (264, 4000)
Mean train feature activity: 34.43381
Max train feature activity: 79.0
Nonzero train feature fraction: 0.6023008356545961
Training linear classifier...
DVSGesture receptive-field LSM accuracy: 68.56%
Saved results to /scratch/rmonterogonzal/FRML_Reproduction/results/dvsgesture_lsm_receptive.json
