Python used:
/scratch/rmonterogonzal/FRML_Reproduction/.venv/bin/python
Python 3.11.9
Testing imports:
imports ok
Starting experiment:

=======================================================
  SEED 21
=======================================================
Loading N-MNIST train subset...
  Loaded 1000/30000 samples
  Loaded 2000/30000 samples
  Loaded 3000/30000 samples
  Loaded 4000/30000 samples
  Loaded 5000/30000 samples
  Loaded 6000/30000 samples
  Loaded 7000/30000 samples
  Loaded 8000/30000 samples
  Loaded 9000/30000 samples
  Loaded 10000/30000 samples
  Loaded 11000/30000 samples
  Loaded 12000/30000 samples
  Loaded 13000/30000 samples
  Loaded 14000/30000 samples
  Loaded 15000/30000 samples
  Loaded 16000/30000 samples
  Loaded 17000/30000 samples
  Loaded 18000/30000 samples
  Loaded 19000/30000 samples
  Loaded 20000/30000 samples
  Loaded 21000/30000 samples
  Loaded 22000/30000 samples
  Loaded 23000/30000 samples
  Loaded 24000/30000 samples
  Loaded 25000/30000 samples
  Loaded 26000/30000 samples
  Loaded 27000/30000 samples
  Loaded 28000/30000 samples
  Loaded 29000/30000 samples
  Loaded 30000/30000 samples
Loading N-MNIST test subset...
  Loaded 1000/5000 samples
  Loaded 2000/5000 samples
  Loaded 3000/5000 samples
  Loaded 4000/5000 samples
  Loaded 5000/5000 samples
Train labels: [2950 3421 3008 2987 2994 2716 2914 3142 2877 2991]
Test labels:  [490 559 542 526 486 423 492 494 471 517]
Input shape:  (30000, 90, 2312)

  Building MuLRE (seed=21)...
  Transforming train data (seed=21)...
  Transformed 50/30000 samples
  Transformed 100/30000 samples
  Transformed 150/30000 samples
  Transformed 200/30000 samples
  Transformed 250/30000 samples
  Transformed 300/30000 samples
  Transformed 350/30000 samples
  Transformed 400/30000 samples
  Transformed 450/30000 samples
  Transformed 500/30000 samples
  Transformed 550/30000 samples
  Transformed 600/30000 samples
  Transformed 650/30000 samples
  Transformed 700/30000 samples
  Transformed 750/30000 samples
  Transformed 800/30000 samples
  Transformed 850/30000 samples
  Transformed 900/30000 samples
  Transformed 950/30000 samples
  Transformed 1000/30000 samples
  Transformed 1050/30000 samples
  Transformed 1100/30000 samples
  Transformed 1150/30000 samples
  Transformed 1200/30000 samples
  Transformed 1250/30000 samples
  Transformed 1300/30000 samples
  Transformed 1350/30000 samples
  Transformed 1400/30000 samples
  Transformed 1450/30000 samples
  Transformed 1500/30000 samples
  Transformed 1550/30000 samples
  Transformed 1600/30000 samples
  Transformed 1650/30000 samples
  Transformed 1700/30000 samples
  Transformed 1750/30000 samples
  Transformed 1800/30000 samples
  Transformed 1850/30000 samples
  Transformed 1900/30000 samples
  Transformed 1950/30000 samples
  Transformed 2000/30000 samples
  Transformed 2050/30000 samples
  Transformed 2100/30000 samples
  Transformed 2150/30000 samples
  Transformed 2200/30000 samples
  Transformed 2250/30000 samples
  Transformed 2300/30000 samples
  Transformed 2350/30000 samples
  Transformed 2400/30000 samples
  Transformed 2450/30000 samples
  Transformed 2500/30000 samples
  Transformed 2550/30000 samples
  Transformed 2600/30000 samples
  Transformed 2650/30000 samples
  Transformed 2700/30000 samples
  Transformed 2750/30000 samples
  Transformed 2800/30000 samples
  Transformed 2850/30000 samples
  Transformed 2900/30000 samples
  Transformed 2950/30000 samples
  Transformed 3000/30000 samples
  Transformed 3050/30000 samples
  Transformed 3100/30000 samples
  Transformed 3150/30000 samples
  Transformed 3200/30000 samples
  Transformed 3250/30000 samples
  Transformed 3300/30000 samples
  Transformed 3350/30000 samples
  Transformed 3400/30000 samples
  Transformed 3450/30000 samples
  Transformed 3500/30000 samples
  Transformed 3550/30000 samples
  Transformed 3600/30000 samples
  Transformed 3650/30000 samples
  Transformed 3700/30000 samples
  Transformed 3750/30000 samples
  Transformed 3800/30000 samples
  Transformed 3850/30000 samples
  Transformed 3900/30000 samples
  Transformed 3950/30000 samples
  Transformed 4000/30000 samples
  Transformed 4050/30000 samples
  Transformed 4100/30000 samples
  Transformed 4150/30000 samples
  Transformed 4200/30000 samples
  Transformed 4250/30000 samples
  Transformed 4300/30000 samples
  Transformed 4350/30000 samples
  Transformed 4400/30000 samples
  Transformed 4450/30000 samples
  Transformed 4500/30000 samples
  Transformed 4550/30000 samples
  Transformed 4600/30000 samples
  Transformed 4650/30000 samples
  Transformed 4700/30000 samples
  Transformed 4750/30000 samples
  Transformed 4800/30000 samples
  Transformed 4850/30000 samples
  Transformed 4900/30000 samples
  Transformed 4950/30000 samples
  Transformed 5000/30000 samples
  Transformed 5050/30000 samples
  Transformed 5100/30000 samples
  Transformed 5150/30000 samples
  Transformed 5200/30000 samples
  Transformed 5250/30000 samples
  Transformed 5300/30000 samples
  Transformed 5350/30000 samples
  Transformed 5400/30000 samples
  Transformed 5450/30000 samples
  Transformed 5500/30000 samples
  Transformed 5550/30000 samples
  Transformed 5600/30000 samples
  Transformed 5650/30000 samples
  Transformed 5700/30000 samples
  Transformed 5750/30000 samples
  Transformed 5800/30000 samples
  Transformed 5850/30000 samples
  Transformed 5900/30000 samples
  Transformed 5950/30000 samples
  Transformed 6000/30000 samples
  Transformed 6050/30000 samples
  Transformed 6100/30000 samples
  Transformed 6150/30000 samples
  Transformed 6200/30000 samples
  Transformed 6250/30000 samples
  Transformed 6300/30000 samples
  Transformed 6350/30000 samples
  Transformed 6400/30000 samples
  Transformed 6450/30000 samples
  Transformed 6500/30000 samples
  Transformed 6550/30000 samples
  Transformed 6600/30000 samples
  Transformed 6650/30000 samples
  Transformed 6700/30000 samples
  Transformed 6750/30000 samples
  Transformed 6800/30000 samples
  Transformed 6850/30000 samples
  Transformed 6900/30000 samples
  Transformed 6950/30000 samples
  Transformed 7000/30000 samples
  Transformed 7050/30000 samples
  Transformed 7100/30000 samples
  Transformed 7150/30000 samples
  Transformed 7200/30000 samples
  Transformed 7250/30000 samples
  Transformed 7300/30000 samples
  Transformed 7350/30000 samples
  Transformed 7400/30000 samples
  Transformed 7450/30000 samples
  Transformed 7500/30000 samples
  Transformed 7550/30000 samples
  Transformed 7600/30000 samples
  Transformed 7650/30000 samples
  Transformed 7700/30000 samples
  Transformed 7750/30000 samples
  Transformed 7800/30000 samples
  Transformed 7850/30000 samples
  Transformed 7900/30000 samples
  Transformed 7950/30000 samples
  Transformed 8000/30000 samples
  Transformed 8050/30000 samples
  Transformed 8100/30000 samples
  Transformed 8150/30000 samples
  Transformed 8200/30000 samples
  Transformed 8250/30000 samples
  Transformed 8300/30000 samples
  Transformed 8350/30000 samples
  Transformed 8400/30000 samples
  Transformed 8450/30000 samples
  Transformed 8500/30000 samples
  Transformed 8550/30000 samples
  Transformed 8600/30000 samples
  Transformed 8650/30000 samples
  Transformed 8700/30000 samples
  Transformed 8750/30000 samples
  Transformed 8800/30000 samples
  Transformed 8850/30000 samples
  Transformed 8900/30000 samples
  Transformed 8950/30000 samples
  Transformed 9000/30000 samples
  Transformed 9050/30000 samples
  Transformed 9100/30000 samples
  Transformed 9150/30000 samples
  Transformed 9200/30000 samples
  Transformed 9250/30000 samples
  Transformed 9300/30000 samples
  Transformed 9350/30000 samples
  Transformed 9400/30000 samples
  Transformed 9450/30000 samples
  Transformed 9500/30000 samples
  Transformed 9550/30000 samples
  Transformed 9600/30000 samples
  Transformed 9650/30000 samples
  Transformed 9700/30000 samples
  Transformed 9750/30000 samples
  Transformed 9800/30000 samples
  Transformed 9850/30000 samples
  Transformed 9900/30000 samples
  Transformed 9950/30000 samples
  Transformed 10000/30000 samples
  Transformed 10050/30000 samples
  Transformed 10100/30000 samples
  Transformed 10150/30000 samples
  Transformed 10200/30000 samples
  Transformed 10250/30000 samples
  Transformed 10300/30000 samples
  Transformed 10350/30000 samples
  Transformed 10400/30000 samples
  Transformed 10450/30000 samples
  Transformed 10500/30000 samples
  Transformed 10550/30000 samples
  Transformed 10600/30000 samples
  Transformed 10650/30000 samples
  Transformed 10700/30000 samples
  Transformed 10750/30000 samples
  Transformed 10800/30000 samples
  Transformed 10850/30000 samples
  Transformed 10900/30000 samples
  Transformed 10950/30000 samples
  Transformed 11000/30000 samples
  Transformed 11050/30000 samples
  Transformed 11100/30000 samples
  Transformed 11150/30000 samples
  Transformed 11200/30000 samples
  Transformed 11250/30000 samples
  Transformed 11300/30000 samples
  Transformed 11350/30000 samples
  Transformed 11400/30000 samples
  Transformed 11450/30000 samples
  Transformed 11500/30000 samples
  Transformed 11550/30000 samples
  Transformed 11600/30000 samples
  Transformed 11650/30000 samples
  Transformed 11700/30000 samples
  Transformed 11750/30000 samples
  Transformed 11800/30000 samples
  Transformed 11850/30000 samples
  Transformed 11900/30000 samples
  Transformed 11950/30000 samples
  Transformed 12000/30000 samples
  Transformed 12050/30000 samples
  Transformed 12100/30000 samples
  Transformed 12150/30000 samples
  Transformed 12200/30000 samples
  Transformed 12250/30000 samples
  Transformed 12300/30000 samples
  Transformed 12350/30000 samples
  Transformed 12400/30000 samples
  Transformed 12450/30000 samples
  Transformed 12500/30000 samples
  Transformed 12550/30000 samples
  Transformed 12600/30000 samples
  Transformed 12650/30000 samples
  Transformed 12700/30000 samples
  Transformed 12750/30000 samples
  Transformed 12800/30000 samples
  Transformed 12850/30000 samples
  Transformed 12900/30000 samples
  Transformed 12950/30000 samples
  Transformed 13000/30000 samples
  Transformed 13050/30000 samples
  Transformed 13100/30000 samples
  Transformed 13150/30000 samples
  Transformed 13200/30000 samples
  Transformed 13250/30000 samples
  Transformed 13300/30000 samples
  Transformed 13350/30000 samples
  Transformed 13400/30000 samples
  Transformed 13450/30000 samples
  Transformed 13500/30000 samples
  Transformed 13550/30000 samples
  Transformed 13600/30000 samples
  Transformed 13650/30000 samples
  Transformed 13700/30000 samples
  Transformed 13750/30000 samples
  Transformed 13800/30000 samples
  Transformed 13850/30000 samples
  Transformed 13900/30000 samples
  Transformed 13950/30000 samples
  Transformed 14000/30000 samples
  Transformed 14050/30000 samples
  Transformed 14100/30000 samples
  Transformed 14150/30000 samples
  Transformed 14200/30000 samples
  Transformed 14250/30000 samples
  Transformed 14300/30000 samples
  Transformed 14350/30000 samples
  Transformed 14400/30000 samples
  Transformed 14450/30000 samples
  Transformed 14500/30000 samples
  Transformed 14550/30000 samples
  Transformed 14600/30000 samples
  Transformed 14650/30000 samples
  Transformed 14700/30000 samples
  Transformed 14750/30000 samples
  Transformed 14800/30000 samples
  Transformed 14850/30000 samples
  Transformed 14900/30000 samples
  Transformed 14950/30000 samples
  Transformed 15000/30000 samples
  Transformed 15050/30000 samples
  Transformed 15100/30000 samples
  Transformed 15150/30000 samples
  Transformed 15200/30000 samples
  Transformed 15250/30000 samples
  Transformed 15300/30000 samples
  Transformed 15350/30000 samples
  Transformed 15400/30000 samples
  Transformed 15450/30000 samples
  Transformed 15500/30000 samples
  Transformed 15550/30000 samples
  Transformed 15600/30000 samples
  Transformed 15650/30000 samples
  Transformed 15700/30000 samples
  Transformed 15750/30000 samples
  Transformed 15800/30000 samples
  Transformed 15850/30000 samples
  Transformed 15900/30000 samples
  Transformed 15950/30000 samples
  Transformed 16000/30000 samples
  Transformed 16050/30000 samples
  Transformed 16100/30000 samples
  Transformed 16150/30000 samples
  Transformed 16200/30000 samples
  Transformed 16250/30000 samples
  Transformed 16300/30000 samples
  Transformed 16350/30000 samples
  Transformed 16400/30000 samples
  Transformed 16450/30000 samples
  Transformed 16500/30000 samples
  Transformed 16550/30000 samples
  Transformed 16600/30000 samples
  Transformed 16650/30000 samples
  Transformed 16700/30000 samples
  Transformed 16750/30000 samples
  Transformed 16800/30000 samples
  Transformed 16850/30000 samples
  Transformed 16900/30000 samples
  Transformed 16950/30000 samples
  Transformed 17000/30000 samples
  Transformed 17050/30000 samples
  Transformed 17100/30000 samples
  Transformed 17150/30000 samples
  Transformed 17200/30000 samples
  Transformed 17250/30000 samples
  Transformed 17300/30000 samples
  Transformed 17350/30000 samples
  Transformed 17400/30000 samples
  Transformed 17450/30000 samples
  Transformed 17500/30000 samples
  Transformed 17550/30000 samples
  Transformed 17600/30000 samples
  Transformed 17650/30000 samples
  Transformed 17700/30000 samples
  Transformed 17750/30000 samples
  Transformed 17800/30000 samples
  Transformed 17850/30000 samples
  Transformed 17900/30000 samples
  Transformed 17950/30000 samples
  Transformed 18000/30000 samples
  Transformed 18050/30000 samples
  Transformed 18100/30000 samples
  Transformed 18150/30000 samples
  Transformed 18200/30000 samples
  Transformed 18250/30000 samples
  Transformed 18300/30000 samples
  Transformed 18350/30000 samples
  Transformed 18400/30000 samples
  Transformed 18450/30000 samples
  Transformed 18500/30000 samples
  Transformed 18550/30000 samples
  Transformed 18600/30000 samples
  Transformed 18650/30000 samples
  Transformed 18700/30000 samples
  Transformed 18750/30000 samples
  Transformed 18800/30000 samples
  Transformed 18850/30000 samples
  Transformed 18900/30000 samples
  Transformed 18950/30000 samples
  Transformed 19000/30000 samples
  Transformed 19050/30000 samples
  Transformed 19100/30000 samples
  Transformed 19150/30000 samples
  Transformed 19200/30000 samples
  Transformed 19250/30000 samples
  Transformed 19300/30000 samples
  Transformed 19350/30000 samples
  Transformed 19400/30000 samples
  Transformed 19450/30000 samples
  Transformed 19500/30000 samples
  Transformed 19550/30000 samples
  Transformed 19600/30000 samples
  Transformed 19650/30000 samples
  Transformed 19700/30000 samples
  Transformed 19750/30000 samples
  Transformed 19800/30000 samples
  Transformed 19850/30000 samples
  Transformed 19900/30000 samples
  Transformed 19950/30000 samples
  Transformed 20000/30000 samples
  Transformed 20050/30000 samples
  Transformed 20100/30000 samples
  Transformed 20150/30000 samples
  Transformed 20200/30000 samples
  Transformed 20250/30000 samples
  Transformed 20300/30000 samples
  Transformed 20350/30000 samples
  Transformed 20400/30000 samples
  Transformed 20450/30000 samples
  Transformed 20500/30000 samples
  Transformed 20550/30000 samples
  Transformed 20600/30000 samples
  Transformed 20650/30000 samples
  Transformed 20700/30000 samples
  Transformed 20750/30000 samples
  Transformed 20800/30000 samples
  Transformed 20850/30000 samples
  Transformed 20900/30000 samples
  Transformed 20950/30000 samples
  Transformed 21000/30000 samples
  Transformed 21050/30000 samples
  Transformed 21100/30000 samples
  Transformed 21150/30000 samples
  Transformed 21200/30000 samples
  Transformed 21250/30000 samples
  Transformed 21300/30000 samples
  Transformed 21350/30000 samples
  Transformed 21400/30000 samples
  Transformed 21450/30000 samples
  Transformed 21500/30000 samples
  Transformed 21550/30000 samples
  Transformed 21600/30000 samples
  Transformed 21650/30000 samples
  Transformed 21700/30000 samples
  Transformed 21750/30000 samples
  Transformed 21800/30000 samples
  Transformed 21850/30000 samples
  Transformed 21900/30000 samples
  Transformed 21950/30000 samples
  Transformed 22000/30000 samples
  Transformed 22050/30000 samples
  Transformed 22100/30000 samples
  Transformed 22150/30000 samples
  Transformed 22200/30000 samples
  Transformed 22250/30000 samples
  Transformed 22300/30000 samples
  Transformed 22350/30000 samples
  Transformed 22400/30000 samples
  Transformed 22450/30000 samples
  Transformed 22500/30000 samples
  Transformed 22550/30000 samples
  Transformed 22600/30000 samples
  Transformed 22650/30000 samples
  Transformed 22700/30000 samples
  Transformed 22750/30000 samples
  Transformed 22800/30000 samples
  Transformed 22850/30000 samples
  Transformed 22900/30000 samples
  Transformed 22950/30000 samples
  Transformed 23000/30000 samples
  Transformed 23050/30000 samples
  Transformed 23100/30000 samples
  Transformed 23150/30000 samples
  Transformed 23200/30000 samples
  Transformed 23250/30000 samples
  Transformed 23300/30000 samples
  Transformed 23350/30000 samples
  Transformed 23400/30000 samples
  Transformed 23450/30000 samples
  Transformed 23500/30000 samples
  Transformed 23550/30000 samples
  Transformed 23600/30000 samples
  Transformed 23650/30000 samples
  Transformed 23700/30000 samples
  Transformed 23750/30000 samples
  Transformed 23800/30000 samples
  Transformed 23850/30000 samples
  Transformed 23900/30000 samples
  Transformed 23950/30000 samples
  Transformed 24000/30000 samples
  Transformed 24050/30000 samples
  Transformed 24100/30000 samples
  Transformed 24150/30000 samples
  Transformed 24200/30000 samples
  Transformed 24250/30000 samples
  Transformed 24300/30000 samples
  Transformed 24350/30000 samples
  Transformed 24400/30000 samples
  Transformed 24450/30000 samples
  Transformed 24500/30000 samples
  Transformed 24550/30000 samples
  Transformed 24600/30000 samples
  Transformed 24650/30000 samples
  Transformed 24700/30000 samples
  Transformed 24750/30000 samples
  Transformed 24800/30000 samples
  Transformed 24850/30000 samples
  Transformed 24900/30000 samples
  Transformed 24950/30000 samples
  Transformed 25000/30000 samples
  Transformed 25050/30000 samples
  Transformed 25100/30000 samples
  Transformed 25150/30000 samples
  Transformed 25200/30000 samples
  Transformed 25250/30000 samples
  Transformed 25300/30000 samples
  Transformed 25350/30000 samples
  Transformed 25400/30000 samples
  Transformed 25450/30000 samples
  Transformed 25500/30000 samples
  Transformed 25550/30000 samples
  Transformed 25600/30000 samples
  Transformed 25650/30000 samples
  Transformed 25700/30000 samples
  Transformed 25750/30000 samples
  Transformed 25800/30000 samples
  Transformed 25850/30000 samples
  Transformed 25900/30000 samples
  Transformed 25950/30000 samples
  Transformed 26000/30000 samples
  Transformed 26050/30000 samples
  Transformed 26100/30000 samples
  Transformed 26150/30000 samples
  Transformed 26200/30000 samples
  Transformed 26250/30000 samples
  Transformed 26300/30000 samples
  Transformed 26350/30000 samples
  Transformed 26400/30000 samples
  Transformed 26450/30000 samples
  Transformed 26500/30000 samples
  Transformed 26550/30000 samples
  Transformed 26600/30000 samples
  Transformed 26650/30000 samples
  Transformed 26700/30000 samples
  Transformed 26750/30000 samples
  Transformed 26800/30000 samples
  Transformed 26850/30000 samples
  Transformed 26900/30000 samples
  Transformed 26950/30000 samples
  Transformed 27000/30000 samples
  Transformed 27050/30000 samples
  Transformed 27100/30000 samples
  Transformed 27150/30000 samples
  Transformed 27200/30000 samples
  Transformed 27250/30000 samples
  Transformed 27300/30000 samples
  Transformed 27350/30000 samples
  Transformed 27400/30000 samples
  Transformed 27450/30000 samples
  Transformed 27500/30000 samples
  Transformed 27550/30000 samples
  Transformed 27600/30000 samples
  Transformed 27650/30000 samples
  Transformed 27700/30000 samples
  Transformed 27750/30000 samples
  Transformed 27800/30000 samples
  Transformed 27850/30000 samples
  Transformed 27900/30000 samples
  Transformed 27950/30000 samples
  Transformed 28000/30000 samples
  Transformed 28050/30000 samples
  Transformed 28100/30000 samples
  Transformed 28150/30000 samples
  Transformed 28200/30000 samples
  Transformed 28250/30000 samples
  Transformed 28300/30000 samples
  Transformed 28350/30000 samples
  Transformed 28400/30000 samples
  Transformed 28450/30000 samples
  Transformed 28500/30000 samples
  Transformed 28550/30000 samples
  Transformed 28600/30000 samples
  Transformed 28650/30000 samples
  Transformed 28700/30000 samples
  Transformed 28750/30000 samples
  Transformed 28800/30000 samples
  Transformed 28850/30000 samples
  Transformed 28900/30000 samples
  Transformed 28950/30000 samples
  Transformed 29000/30000 samples
  Transformed 29050/30000 samples
  Transformed 29100/30000 samples
  Transformed 29150/30000 samples
  Transformed 29200/30000 samples
  Transformed 29250/30000 samples
  Transformed 29300/30000 samples
  Transformed 29350/30000 samples
  Transformed 29400/30000 samples
  Transformed 29450/30000 samples
  Transformed 29500/30000 samples
  Transformed 29550/30000 samples
  Transformed 29600/30000 samples
  Transformed 29650/30000 samples
  Transformed 29700/30000 samples
  Transformed 29750/30000 samples
  Transformed 29800/30000 samples
  Transformed 29850/30000 samples
  Transformed 29900/30000 samples
  Transformed 29950/30000 samples
  Transformed 30000/30000 samples
  Transforming test data (seed=21)...
  Transformed 50/5000 samples
  Transformed 100/5000 samples
  Transformed 150/5000 samples
  Transformed 200/5000 samples
  Transformed 250/5000 samples
  Transformed 300/5000 samples
  Transformed 350/5000 samples
  Transformed 400/5000 samples
  Transformed 450/5000 samples
  Transformed 500/5000 samples
  Transformed 550/5000 samples
  Transformed 600/5000 samples
  Transformed 650/5000 samples
  Transformed 700/5000 samples
  Transformed 750/5000 samples
  Transformed 800/5000 samples
  Transformed 850/5000 samples
  Transformed 900/5000 samples
  Transformed 950/5000 samples
  Transformed 1000/5000 samples
  Transformed 1050/5000 samples
  Transformed 1100/5000 samples
  Transformed 1150/5000 samples
  Transformed 1200/5000 samples
  Transformed 1250/5000 samples
  Transformed 1300/5000 samples
  Transformed 1350/5000 samples
  Transformed 1400/5000 samples
  Transformed 1450/5000 samples
  Transformed 1500/5000 samples
  Transformed 1550/5000 samples
  Transformed 1600/5000 samples
  Transformed 1650/5000 samples
  Transformed 1700/5000 samples
  Transformed 1750/5000 samples
  Transformed 1800/5000 samples
  Transformed 1850/5000 samples
  Transformed 1900/5000 samples
  Transformed 1950/5000 samples
  Transformed 2000/5000 samples
  Transformed 2050/5000 samples
  Transformed 2100/5000 samples
  Transformed 2150/5000 samples
  Transformed 2200/5000 samples
  Transformed 2250/5000 samples
  Transformed 2300/5000 samples
  Transformed 2350/5000 samples
  Transformed 2400/5000 samples
  Transformed 2450/5000 samples
  Transformed 2500/5000 samples
  Transformed 2550/5000 samples
  Transformed 2600/5000 samples
  Transformed 2650/5000 samples
  Transformed 2700/5000 samples
  Transformed 2750/5000 samples
  Transformed 2800/5000 samples
  Transformed 2850/5000 samples
  Transformed 2900/5000 samples
  Transformed 2950/5000 samples
  Transformed 3000/5000 samples
  Transformed 3050/5000 samples
  Transformed 3100/5000 samples
  Transformed 3150/5000 samples
  Transformed 3200/5000 samples
  Transformed 3250/5000 samples
  Transformed 3300/5000 samples
  Transformed 3350/5000 samples
  Transformed 3400/5000 samples
  Transformed 3450/5000 samples
  Transformed 3500/5000 samples
  Transformed 3550/5000 samples
  Transformed 3600/5000 samples
  Transformed 3650/5000 samples
  Transformed 3700/5000 samples
  Transformed 3750/5000 samples
  Transformed 3800/5000 samples
  Transformed 3850/5000 samples
  Transformed 3900/5000 samples
  Transformed 3950/5000 samples
  Transformed 4000/5000 samples
  Transformed 4050/5000 samples
  Transformed 4100/5000 samples
  Transformed 4150/5000 samples
  Transformed 4200/5000 samples
  Transformed 4250/5000 samples
  Transformed 4300/5000 samples
  Transformed 4350/5000 samples
  Transformed 4400/5000 samples
  Transformed 4450/5000 samples
  Transformed 4500/5000 samples
  Transformed 4550/5000 samples
  Transformed 4600/5000 samples
  Transformed 4650/5000 samples
  Transformed 4700/5000 samples
  Transformed 4750/5000 samples
  Transformed 4800/5000 samples
  Transformed 4850/5000 samples
  Transformed 4900/5000 samples
  Transformed 4950/5000 samples
  Transformed 5000/5000 samples
  Training classifier (seed=21)...
  Seed 21 accuracy: 96.22%

=======================================================
  SEED 42
=======================================================
Loading N-MNIST train subset...
  Loaded 1000/30000 samples
  Loaded 2000/30000 samples
  Loaded 3000/30000 samples
  Loaded 4000/30000 samples
  Loaded 5000/30000 samples
  Loaded 6000/30000 samples
  Loaded 7000/30000 samples
  Loaded 8000/30000 samples
  Loaded 9000/30000 samples
  Loaded 10000/30000 samples
  Loaded 11000/30000 samples
  Loaded 12000/30000 samples
  Loaded 13000/30000 samples
  Loaded 14000/30000 samples
  Loaded 15000/30000 samples
  Loaded 16000/30000 samples
  Loaded 17000/30000 samples
  Loaded 18000/30000 samples
  Loaded 19000/30000 samples
  Loaded 20000/30000 samples
  Loaded 21000/30000 samples
  Loaded 22000/30000 samples
  Loaded 23000/30000 samples
  Loaded 24000/30000 samples
  Loaded 25000/30000 samples
  Loaded 26000/30000 samples
  Loaded 27000/30000 samples
  Loaded 28000/30000 samples
  Loaded 29000/30000 samples
  Loaded 30000/30000 samples
Loading N-MNIST test subset...
  Loaded 1000/5000 samples
  Loaded 2000/5000 samples
  Loaded 3000/5000 samples
  Loaded 4000/5000 samples
  Loaded 5000/5000 samples
Train labels: [2950 3421 3008 2987 2994 2716 2914 3142 2877 2991]
Test labels:  [490 559 542 526 486 423 492 494 471 517]
Input shape:  (30000, 90, 2312)

  Building MuLRE (seed=42)...
  Transforming train data (seed=42)...
  Transformed 50/30000 samples
  Transformed 100/30000 samples
  Transformed 150/30000 samples
  Transformed 200/30000 samples
  Transformed 250/30000 samples
  Transformed 300/30000 samples
  Transformed 350/30000 samples
  Transformed 400/30000 samples
  Transformed 450/30000 samples
  Transformed 500/30000 samples
  Transformed 550/30000 samples
  Transformed 600/30000 samples
  Transformed 650/30000 samples
  Transformed 700/30000 samples
  Transformed 750/30000 samples
  Transformed 800/30000 samples
  Transformed 850/30000 samples
  Transformed 900/30000 samples
  Transformed 950/30000 samples
  Transformed 1000/30000 samples
  Transformed 1050/30000 samples
  Transformed 1100/30000 samples
  Transformed 1150/30000 samples
  Transformed 1200/30000 samples
  Transformed 1250/30000 samples
  Transformed 1300/30000 samples
  Transformed 1350/30000 samples
  Transformed 1400/30000 samples
  Transformed 1450/30000 samples
  Transformed 1500/30000 samples
  Transformed 1550/30000 samples
  Transformed 1600/30000 samples
  Transformed 1650/30000 samples
  Transformed 1700/30000 samples
  Transformed 1750/30000 samples
  Transformed 1800/30000 samples
  Transformed 1850/30000 samples
  Transformed 1900/30000 samples
  Transformed 1950/30000 samples
  Transformed 2000/30000 samples
  Transformed 2050/30000 samples
  Transformed 2100/30000 samples
  Transformed 2150/30000 samples
  Transformed 2200/30000 samples
  Transformed 2250/30000 samples
  Transformed 2300/30000 samples
  Transformed 2350/30000 samples
  Transformed 2400/30000 samples
  Transformed 2450/30000 samples
  Transformed 2500/30000 samples
  Transformed 2550/30000 samples
  Transformed 2600/30000 samples
  Transformed 2650/30000 samples
  Transformed 2700/30000 samples
  Transformed 2750/30000 samples
  Transformed 2800/30000 samples
  Transformed 2850/30000 samples
  Transformed 2900/30000 samples
  Transformed 2950/30000 samples
  Transformed 3000/30000 samples
  Transformed 3050/30000 samples
  Transformed 3100/30000 samples
  Transformed 3150/30000 samples
  Transformed 3200/30000 samples
  Transformed 3250/30000 samples
  Transformed 3300/30000 samples
  Transformed 3350/30000 samples
  Transformed 3400/30000 samples
  Transformed 3450/30000 samples
  Transformed 3500/30000 samples
  Transformed 3550/30000 samples
  Transformed 3600/30000 samples
  Transformed 3650/30000 samples
  Transformed 3700/30000 samples
  Transformed 3750/30000 samples
  Transformed 3800/30000 samples
  Transformed 3850/30000 samples
  Transformed 3900/30000 samples
  Transformed 3950/30000 samples
  Transformed 4000/30000 samples
  Transformed 4050/30000 samples
  Transformed 4100/30000 samples
  Transformed 4150/30000 samples
  Transformed 4200/30000 samples
  Transformed 4250/30000 samples
  Transformed 4300/30000 samples
  Transformed 4350/30000 samples
  Transformed 4400/30000 samples
  Transformed 4450/30000 samples
  Transformed 4500/30000 samples
  Transformed 4550/30000 samples
  Transformed 4600/30000 samples
  Transformed 4650/30000 samples
  Transformed 4700/30000 samples
  Transformed 4750/30000 samples
  Transformed 4800/30000 samples
  Transformed 4850/30000 samples
  Transformed 4900/30000 samples
  Transformed 4950/30000 samples
  Transformed 5000/30000 samples
  Transformed 5050/30000 samples
  Transformed 5100/30000 samples
  Transformed 5150/30000 samples
  Transformed 5200/30000 samples
  Transformed 5250/30000 samples
  Transformed 5300/30000 samples
  Transformed 5350/30000 samples
  Transformed 5400/30000 samples
  Transformed 5450/30000 samples
  Transformed 5500/30000 samples
  Transformed 5550/30000 samples
  Transformed 5600/30000 samples
  Transformed 5650/30000 samples
  Transformed 5700/30000 samples
  Transformed 5750/30000 samples
  Transformed 5800/30000 samples
  Transformed 5850/30000 samples
  Transformed 5900/30000 samples
  Transformed 5950/30000 samples
  Transformed 6000/30000 samples
  Transformed 6050/30000 samples
  Transformed 6100/30000 samples
  Transformed 6150/30000 samples
  Transformed 6200/30000 samples
  Transformed 6250/30000 samples
  Transformed 6300/30000 samples
  Transformed 6350/30000 samples
  Transformed 6400/30000 samples
  Transformed 6450/30000 samples
  Transformed 6500/30000 samples
  Transformed 6550/30000 samples
  Transformed 6600/30000 samples
  Transformed 6650/30000 samples
  Transformed 6700/30000 samples
  Transformed 6750/30000 samples
  Transformed 6800/30000 samples
  Transformed 6850/30000 samples
  Transformed 6900/30000 samples
  Transformed 6950/30000 samples
  Transformed 7000/30000 samples
  Transformed 7050/30000 samples
  Transformed 7100/30000 samples
  Transformed 7150/30000 samples
  Transformed 7200/30000 samples
  Transformed 7250/30000 samples
  Transformed 7300/30000 samples
  Transformed 7350/30000 samples
  Transformed 7400/30000 samples
  Transformed 7450/30000 samples
  Transformed 7500/30000 samples
  Transformed 7550/30000 samples
  Transformed 7600/30000 samples
  Transformed 7650/30000 samples
  Transformed 7700/30000 samples
  Transformed 7750/30000 samples
  Transformed 7800/30000 samples
  Transformed 7850/30000 samples
  Transformed 7900/30000 samples
  Transformed 7950/30000 samples
  Transformed 8000/30000 samples
  Transformed 8050/30000 samples
  Transformed 8100/30000 samples
  Transformed 8150/30000 samples
  Transformed 8200/30000 samples
  Transformed 8250/30000 samples
  Transformed 8300/30000 samples
  Transformed 8350/30000 samples
  Transformed 8400/30000 samples
  Transformed 8450/30000 samples
  Transformed 8500/30000 samples
  Transformed 8550/30000 samples
  Transformed 8600/30000 samples
  Transformed 8650/30000 samples
  Transformed 8700/30000 samples
  Transformed 8750/30000 samples
  Transformed 8800/30000 samples
  Transformed 8850/30000 samples
  Transformed 8900/30000 samples
  Transformed 8950/30000 samples
  Transformed 9000/30000 samples
  Transformed 9050/30000 samples
  Transformed 9100/30000 samples
  Transformed 9150/30000 samples
  Transformed 9200/30000 samples
  Transformed 9250/30000 samples
  Transformed 9300/30000 samples
  Transformed 9350/30000 samples
  Transformed 9400/30000 samples
  Transformed 9450/30000 samples
  Transformed 9500/30000 samples
  Transformed 9550/30000 samples
  Transformed 9600/30000 samples
  Transformed 9650/30000 samples
  Transformed 9700/30000 samples
  Transformed 9750/30000 samples
  Transformed 9800/30000 samples
  Transformed 9850/30000 samples
  Transformed 9900/30000 samples
  Transformed 9950/30000 samples
  Transformed 10000/30000 samples
  Transformed 10050/30000 samples
  Transformed 10100/30000 samples
  Transformed 10150/30000 samples
  Transformed 10200/30000 samples
  Transformed 10250/30000 samples
  Transformed 10300/30000 samples
  Transformed 10350/30000 samples
  Transformed 10400/30000 samples
  Transformed 10450/30000 samples
  Transformed 10500/30000 samples
  Transformed 10550/30000 samples
  Transformed 10600/30000 samples
  Transformed 10650/30000 samples
  Transformed 10700/30000 samples
  Transformed 10750/30000 samples
  Transformed 10800/30000 samples
  Transformed 10850/30000 samples
  Transformed 10900/30000 samples
  Transformed 10950/30000 samples
  Transformed 11000/30000 samples
  Transformed 11050/30000 samples
  Transformed 11100/30000 samples
  Transformed 11150/30000 samples
  Transformed 11200/30000 samples
  Transformed 11250/30000 samples
  Transformed 11300/30000 samples
  Transformed 11350/30000 samples
  Transformed 11400/30000 samples
  Transformed 11450/30000 samples
  Transformed 11500/30000 samples
  Transformed 11550/30000 samples
  Transformed 11600/30000 samples
  Transformed 11650/30000 samples
  Transformed 11700/30000 samples
  Transformed 11750/30000 samples
  Transformed 11800/30000 samples
  Transformed 11850/30000 samples
  Transformed 11900/30000 samples
  Transformed 11950/30000 samples
  Transformed 12000/30000 samples
  Transformed 12050/30000 samples
  Transformed 12100/30000 samples
  Transformed 12150/30000 samples
  Transformed 12200/30000 samples
  Transformed 12250/30000 samples
  Transformed 12300/30000 samples
  Transformed 12350/30000 samples
  Transformed 12400/30000 samples
  Transformed 12450/30000 samples
  Transformed 12500/30000 samples
  Transformed 12550/30000 samples
  Transformed 12600/30000 samples
  Transformed 12650/30000 samples
  Transformed 12700/30000 samples
  Transformed 12750/30000 samples
  Transformed 12800/30000 samples
  Transformed 12850/30000 samples
  Transformed 12900/30000 samples
  Transformed 12950/30000 samples
  Transformed 13000/30000 samples
  Transformed 13050/30000 samples
  Transformed 13100/30000 samples
  Transformed 13150/30000 samples
  Transformed 13200/30000 samples
  Transformed 13250/30000 samples
  Transformed 13300/30000 samples
  Transformed 13350/30000 samples
  Transformed 13400/30000 samples
  Transformed 13450/30000 samples
  Transformed 13500/30000 samples
  Transformed 13550/30000 samples
  Transformed 13600/30000 samples
  Transformed 13650/30000 samples
  Transformed 13700/30000 samples
  Transformed 13750/30000 samples
  Transformed 13800/30000 samples
  Transformed 13850/30000 samples
  Transformed 13900/30000 samples
  Transformed 13950/30000 samples
  Transformed 14000/30000 samples
  Transformed 14050/30000 samples
  Transformed 14100/30000 samples
  Transformed 14150/30000 samples
  Transformed 14200/30000 samples
  Transformed 14250/30000 samples
  Transformed 14300/30000 samples
  Transformed 14350/30000 samples
  Transformed 14400/30000 samples
  Transformed 14450/30000 samples
  Transformed 14500/30000 samples
  Transformed 14550/30000 samples
  Transformed 14600/30000 samples
  Transformed 14650/30000 samples
  Transformed 14700/30000 samples
  Transformed 14750/30000 samples
  Transformed 14800/30000 samples
  Transformed 14850/30000 samples
  Transformed 14900/30000 samples
  Transformed 14950/30000 samples
  Transformed 15000/30000 samples
  Transformed 15050/30000 samples
  Transformed 15100/30000 samples
  Transformed 15150/30000 samples
  Transformed 15200/30000 samples
  Transformed 15250/30000 samples
  Transformed 15300/30000 samples
  Transformed 15350/30000 samples
  Transformed 15400/30000 samples
  Transformed 15450/30000 samples
  Transformed 15500/30000 samples
  Transformed 15550/30000 samples
  Transformed 15600/30000 samples
  Transformed 15650/30000 samples
  Transformed 15700/30000 samples
  Transformed 15750/30000 samples
  Transformed 15800/30000 samples
  Transformed 15850/30000 samples
  Transformed 15900/30000 samples
  Transformed 15950/30000 samples
  Transformed 16000/30000 samples
  Transformed 16050/30000 samples
  Transformed 16100/30000 samples
  Transformed 16150/30000 samples
  Transformed 16200/30000 samples
  Transformed 16250/30000 samples
  Transformed 16300/30000 samples
  Transformed 16350/30000 samples
  Transformed 16400/30000 samples
  Transformed 16450/30000 samples
  Transformed 16500/30000 samples
  Transformed 16550/30000 samples
  Transformed 16600/30000 samples
  Transformed 16650/30000 samples
  Transformed 16700/30000 samples
  Transformed 16750/30000 samples
  Transformed 16800/30000 samples
  Transformed 16850/30000 samples
  Transformed 16900/30000 samples
  Transformed 16950/30000 samples
  Transformed 17000/30000 samples
  Transformed 17050/30000 samples
  Transformed 17100/30000 samples
  Transformed 17150/30000 samples
  Transformed 17200/30000 samples
  Transformed 17250/30000 samples
  Transformed 17300/30000 samples
  Transformed 17350/30000 samples
  Transformed 17400/30000 samples
  Transformed 17450/30000 samples
  Transformed 17500/30000 samples
  Transformed 17550/30000 samples
  Transformed 17600/30000 samples
  Transformed 17650/30000 samples
  Transformed 17700/30000 samples
  Transformed 17750/30000 samples
  Transformed 17800/30000 samples
  Transformed 17850/30000 samples
  Transformed 17900/30000 samples
  Transformed 17950/30000 samples
  Transformed 18000/30000 samples
  Transformed 18050/30000 samples
  Transformed 18100/30000 samples
  Transformed 18150/30000 samples
  Transformed 18200/30000 samples
  Transformed 18250/30000 samples
  Transformed 18300/30000 samples
  Transformed 18350/30000 samples
  Transformed 18400/30000 samples
  Transformed 18450/30000 samples
  Transformed 18500/30000 samples
  Transformed 18550/30000 samples
  Transformed 18600/30000 samples
  Transformed 18650/30000 samples
  Transformed 18700/30000 samples
  Transformed 18750/30000 samples
  Transformed 18800/30000 samples
  Transformed 18850/30000 samples
  Transformed 18900/30000 samples
  Transformed 18950/30000 samples
  Transformed 19000/30000 samples
  Transformed 19050/30000 samples
  Transformed 19100/30000 samples
  Transformed 19150/30000 samples
  Transformed 19200/30000 samples
  Transformed 19250/30000 samples
  Transformed 19300/30000 samples
  Transformed 19350/30000 samples
  Transformed 19400/30000 samples
  Transformed 19450/30000 samples
  Transformed 19500/30000 samples
  Transformed 19550/30000 samples
  Transformed 19600/30000 samples
  Transformed 19650/30000 samples
  Transformed 19700/30000 samples
  Transformed 19750/30000 samples
  Transformed 19800/30000 samples
  Transformed 19850/30000 samples
  Transformed 19900/30000 samples
  Transformed 19950/30000 samples
  Transformed 20000/30000 samples
  Transformed 20050/30000 samples
  Transformed 20100/30000 samples
  Transformed 20150/30000 samples
  Transformed 20200/30000 samples
  Transformed 20250/30000 samples
  Transformed 20300/30000 samples
  Transformed 20350/30000 samples
  Transformed 20400/30000 samples
  Transformed 20450/30000 samples
  Transformed 20500/30000 samples
  Transformed 20550/30000 samples
  Transformed 20600/30000 samples
  Transformed 20650/30000 samples
  Transformed 20700/30000 samples
  Transformed 20750/30000 samples
  Transformed 20800/30000 samples
  Transformed 20850/30000 samples
  Transformed 20900/30000 samples
  Transformed 20950/30000 samples
  Transformed 21000/30000 samples
  Transformed 21050/30000 samples
  Transformed 21100/30000 samples
  Transformed 21150/30000 samples
  Transformed 21200/30000 samples
  Transformed 21250/30000 samples
  Transformed 21300/30000 samples
  Transformed 21350/30000 samples
  Transformed 21400/30000 samples
  Transformed 21450/30000 samples
  Transformed 21500/30000 samples
  Transformed 21550/30000 samples
  Transformed 21600/30000 samples
  Transformed 21650/30000 samples
  Transformed 21700/30000 samples
  Transformed 21750/30000 samples
  Transformed 21800/30000 samples
  Transformed 21850/30000 samples
  Transformed 21900/30000 samples
  Transformed 21950/30000 samples
  Transformed 22000/30000 samples
  Transformed 22050/30000 samples
  Transformed 22100/30000 samples
  Transformed 22150/30000 samples
  Transformed 22200/30000 samples
  Transformed 22250/30000 samples
  Transformed 22300/30000 samples
  Transformed 22350/30000 samples
  Transformed 22400/30000 samples
  Transformed 22450/30000 samples
  Transformed 22500/30000 samples
  Transformed 22550/30000 samples
  Transformed 22600/30000 samples
  Transformed 22650/30000 samples
  Transformed 22700/30000 samples
  Transformed 22750/30000 samples
  Transformed 22800/30000 samples
  Transformed 22850/30000 samples
  Transformed 22900/30000 samples
  Transformed 22950/30000 samples
  Transformed 23000/30000 samples
  Transformed 23050/30000 samples
  Transformed 23100/30000 samples
  Transformed 23150/30000 samples
  Transformed 23200/30000 samples
  Transformed 23250/30000 samples
  Transformed 23300/30000 samples
  Transformed 23350/30000 samples
  Transformed 23400/30000 samples
  Transformed 23450/30000 samples
  Transformed 23500/30000 samples
  Transformed 23550/30000 samples
  Transformed 23600/30000 samples
  Transformed 23650/30000 samples
  Transformed 23700/30000 samples
  Transformed 23750/30000 samples
  Transformed 23800/30000 samples
  Transformed 23850/30000 samples
  Transformed 23900/30000 samples
  Transformed 23950/30000 samples
  Transformed 24000/30000 samples
  Transformed 24050/30000 samples
  Transformed 24100/30000 samples
  Transformed 24150/30000 samples
  Transformed 24200/30000 samples
  Transformed 24250/30000 samples
  Transformed 24300/30000 samples
  Transformed 24350/30000 samples
  Transformed 24400/30000 samples
  Transformed 24450/30000 samples
  Transformed 24500/30000 samples
  Transformed 24550/30000 samples
  Transformed 24600/30000 samples
  Transformed 24650/30000 samples
  Transformed 24700/30000 samples
  Transformed 24750/30000 samples
  Transformed 24800/30000 samples
  Transformed 24850/30000 samples
  Transformed 24900/30000 samples
  Transformed 24950/30000 samples
  Transformed 25000/30000 samples
  Transformed 25050/30000 samples
  Transformed 25100/30000 samples
  Transformed 25150/30000 samples
  Transformed 25200/30000 samples
  Transformed 25250/30000 samples
  Transformed 25300/30000 samples
  Transformed 25350/30000 samples
  Transformed 25400/30000 samples
  Transformed 25450/30000 samples
  Transformed 25500/30000 samples
  Transformed 25550/30000 samples
  Transformed 25600/30000 samples
  Transformed 25650/30000 samples
  Transformed 25700/30000 samples
  Transformed 25750/30000 samples
  Transformed 25800/30000 samples
  Transformed 25850/30000 samples
  Transformed 25900/30000 samples
  Transformed 25950/30000 samples
  Transformed 26000/30000 samples
  Transformed 26050/30000 samples
  Transformed 26100/30000 samples
  Transformed 26150/30000 samples
  Transformed 26200/30000 samples
  Transformed 26250/30000 samples
  Transformed 26300/30000 samples
  Transformed 26350/30000 samples
  Transformed 26400/30000 samples
  Transformed 26450/30000 samples
  Transformed 26500/30000 samples
  Transformed 26550/30000 samples
  Transformed 26600/30000 samples
  Transformed 26650/30000 samples
  Transformed 26700/30000 samples
  Transformed 26750/30000 samples
  Transformed 26800/30000 samples
  Transformed 26850/30000 samples
  Transformed 26900/30000 samples
  Transformed 26950/30000 samples
  Transformed 27000/30000 samples
  Transformed 27050/30000 samples
  Transformed 27100/30000 samples
  Transformed 27150/30000 samples
  Transformed 27200/30000 samples
  Transformed 27250/30000 samples
  Transformed 27300/30000 samples
  Transformed 27350/30000 samples
  Transformed 27400/30000 samples
  Transformed 27450/30000 samples
  Transformed 27500/30000 samples
  Transformed 27550/30000 samples
  Transformed 27600/30000 samples
  Transformed 27650/30000 samples
  Transformed 27700/30000 samples
  Transformed 27750/30000 samples
  Transformed 27800/30000 samples
  Transformed 27850/30000 samples
  Transformed 27900/30000 samples
  Transformed 27950/30000 samples
  Transformed 28000/30000 samples
  Transformed 28050/30000 samples
  Transformed 28100/30000 samples
  Transformed 28150/30000 samples
  Transformed 28200/30000 samples
  Transformed 28250/30000 samples
  Transformed 28300/30000 samples
  Transformed 28350/30000 samples
  Transformed 28400/30000 samples
  Transformed 28450/30000 samples
  Transformed 28500/30000 samples
  Transformed 28550/30000 samples
  Transformed 28600/30000 samples
  Transformed 28650/30000 samples
  Transformed 28700/30000 samples
  Transformed 28750/30000 samples
  Transformed 28800/30000 samples
  Transformed 28850/30000 samples
  Transformed 28900/30000 samples
  Transformed 28950/30000 samples
  Transformed 29000/30000 samples
  Transformed 29050/30000 samples
  Transformed 29100/30000 samples
  Transformed 29150/30000 samples
  Transformed 29200/30000 samples
  Transformed 29250/30000 samples
  Transformed 29300/30000 samples
  Transformed 29350/30000 samples
  Transformed 29400/30000 samples
  Transformed 29450/30000 samples
  Transformed 29500/30000 samples
  Transformed 29550/30000 samples
  Transformed 29600/30000 samples
  Transformed 29650/30000 samples
  Transformed 29700/30000 samples
  Transformed 29750/30000 samples
  Transformed 29800/30000 samples
  Transformed 29850/30000 samples
  Transformed 29900/30000 samples
  Transformed 29950/30000 samples
  Transformed 30000/30000 samples
  Transforming test data (seed=42)...
  Transformed 50/5000 samples
  Transformed 100/5000 samples
  Transformed 150/5000 samples
  Transformed 200/5000 samples
  Transformed 250/5000 samples
  Transformed 300/5000 samples
  Transformed 350/5000 samples
  Transformed 400/5000 samples
  Transformed 450/5000 samples
  Transformed 500/5000 samples
  Transformed 550/5000 samples
  Transformed 600/5000 samples
  Transformed 650/5000 samples
  Transformed 700/5000 samples
  Transformed 750/5000 samples
  Transformed 800/5000 samples
  Transformed 850/5000 samples
  Transformed 900/5000 samples
  Transformed 950/5000 samples
  Transformed 1000/5000 samples
  Transformed 1050/5000 samples
  Transformed 1100/5000 samples
  Transformed 1150/5000 samples
  Transformed 1200/5000 samples
  Transformed 1250/5000 samples
  Transformed 1300/5000 samples
  Transformed 1350/5000 samples
  Transformed 1400/5000 samples
  Transformed 1450/5000 samples
  Transformed 1500/5000 samples
  Transformed 1550/5000 samples
  Transformed 1600/5000 samples
  Transformed 1650/5000 samples
  Transformed 1700/5000 samples
  Transformed 1750/5000 samples
  Transformed 1800/5000 samples
  Transformed 1850/5000 samples
  Transformed 1900/5000 samples
  Transformed 1950/5000 samples
  Transformed 2000/5000 samples
  Transformed 2050/5000 samples
  Transformed 2100/5000 samples
  Transformed 2150/5000 samples
  Transformed 2200/5000 samples
  Transformed 2250/5000 samples
  Transformed 2300/5000 samples
  Transformed 2350/5000 samples
  Transformed 2400/5000 samples
  Transformed 2450/5000 samples
  Transformed 2500/5000 samples
  Transformed 2550/5000 samples
  Transformed 2600/5000 samples
  Transformed 2650/5000 samples
  Transformed 2700/5000 samples
  Transformed 2750/5000 samples
  Transformed 2800/5000 samples
  Transformed 2850/5000 samples
  Transformed 2900/5000 samples
  Transformed 2950/5000 samples
  Transformed 3000/5000 samples
  Transformed 3050/5000 samples
  Transformed 3100/5000 samples
  Transformed 3150/5000 samples
  Transformed 3200/5000 samples
  Transformed 3250/5000 samples
  Transformed 3300/5000 samples
  Transformed 3350/5000 samples
  Transformed 3400/5000 samples
  Transformed 3450/5000 samples
  Transformed 3500/5000 samples
  Transformed 3550/5000 samples
  Transformed 3600/5000 samples
  Transformed 3650/5000 samples
  Transformed 3700/5000 samples
  Transformed 3750/5000 samples
  Transformed 3800/5000 samples
  Transformed 3850/5000 samples
  Transformed 3900/5000 samples
  Transformed 3950/5000 samples
  Transformed 4000/5000 samples
  Transformed 4050/5000 samples
  Transformed 4100/5000 samples
  Transformed 4150/5000 samples
  Transformed 4200/5000 samples
  Transformed 4250/5000 samples
  Transformed 4300/5000 samples
  Transformed 4350/5000 samples
  Transformed 4400/5000 samples
  Transformed 4450/5000 samples
  Transformed 4500/5000 samples
  Transformed 4550/5000 samples
  Transformed 4600/5000 samples
  Transformed 4650/5000 samples
  Transformed 4700/5000 samples
  Transformed 4750/5000 samples
  Transformed 4800/5000 samples
  Transformed 4850/5000 samples
  Transformed 4900/5000 samples
  Transformed 4950/5000 samples
  Transformed 5000/5000 samples
  Training classifier (seed=42)...
  Seed 42 accuracy: 94.56%

=======================================================
  SEED 67
=======================================================
Loading N-MNIST train subset...
  Loaded 1000/30000 samples
  Loaded 2000/30000 samples
  Loaded 3000/30000 samples
  Loaded 4000/30000 samples
  Loaded 5000/30000 samples
  Loaded 6000/30000 samples
  Loaded 7000/30000 samples
  Loaded 8000/30000 samples
  Loaded 9000/30000 samples
  Loaded 10000/30000 samples
  Loaded 11000/30000 samples
  Loaded 12000/30000 samples
  Loaded 13000/30000 samples
  Loaded 14000/30000 samples
  Loaded 15000/30000 samples
  Loaded 16000/30000 samples
  Loaded 17000/30000 samples
  Loaded 18000/30000 samples
  Loaded 19000/30000 samples
  Loaded 20000/30000 samples
  Loaded 21000/30000 samples
  Loaded 22000/30000 samples
  Loaded 23000/30000 samples
  Loaded 24000/30000 samples
  Loaded 25000/30000 samples
  Loaded 26000/30000 samples
  Loaded 27000/30000 samples
  Loaded 28000/30000 samples
  Loaded 29000/30000 samples
  Loaded 30000/30000 samples
Loading N-MNIST test subset...
  Loaded 1000/5000 samples
  Loaded 2000/5000 samples
  Loaded 3000/5000 samples
  Loaded 4000/5000 samples
  Loaded 5000/5000 samples
Train labels: [2950 3421 3008 2987 2994 2716 2914 3142 2877 2991]
Test labels:  [490 559 542 526 486 423 492 494 471 517]
Input shape:  (30000, 90, 2312)

  Building MuLRE (seed=67)...
  Transforming train data (seed=67)...
  Transformed 50/30000 samples
  Transformed 100/30000 samples
  Transformed 150/30000 samples
  Transformed 200/30000 samples
  Transformed 250/30000 samples
  Transformed 300/30000 samples
  Transformed 350/30000 samples
  Transformed 400/30000 samples
  Transformed 450/30000 samples
  Transformed 500/30000 samples
  Transformed 550/30000 samples
  Transformed 600/30000 samples
  Transformed 650/30000 samples
  Transformed 700/30000 samples
  Transformed 750/30000 samples
  Transformed 800/30000 samples
  Transformed 850/30000 samples
  Transformed 900/30000 samples
  Transformed 950/30000 samples
  Transformed 1000/30000 samples
  Transformed 1050/30000 samples
  Transformed 1100/30000 samples
  Transformed 1150/30000 samples
  Transformed 1200/30000 samples
  Transformed 1250/30000 samples
  Transformed 1300/30000 samples
  Transformed 1350/30000 samples
  Transformed 1400/30000 samples
  Transformed 1450/30000 samples
  Transformed 1500/30000 samples
  Transformed 1550/30000 samples
  Transformed 1600/30000 samples
  Transformed 1650/30000 samples
  Transformed 1700/30000 samples
  Transformed 1750/30000 samples
  Transformed 1800/30000 samples
  Transformed 1850/30000 samples
  Transformed 1900/30000 samples
  Transformed 1950/30000 samples
  Transformed 2000/30000 samples
  Transformed 2050/30000 samples
  Transformed 2100/30000 samples
  Transformed 2150/30000 samples
  Transformed 2200/30000 samples
  Transformed 2250/30000 samples
  Transformed 2300/30000 samples
  Transformed 2350/30000 samples
  Transformed 2400/30000 samples
  Transformed 2450/30000 samples
  Transformed 2500/30000 samples
  Transformed 2550/30000 samples
  Transformed 2600/30000 samples
  Transformed 2650/30000 samples
  Transformed 2700/30000 samples
  Transformed 2750/30000 samples
  Transformed 2800/30000 samples
  Transformed 2850/30000 samples
  Transformed 2900/30000 samples
  Transformed 2950/30000 samples
  Transformed 3000/30000 samples
  Transformed 3050/30000 samples
  Transformed 3100/30000 samples
  Transformed 3150/30000 samples
  Transformed 3200/30000 samples
  Transformed 3250/30000 samples
  Transformed 3300/30000 samples
  Transformed 3350/30000 samples
  Transformed 3400/30000 samples
  Transformed 3450/30000 samples
  Transformed 3500/30000 samples
  Transformed 3550/30000 samples
  Transformed 3600/30000 samples
  Transformed 3650/30000 samples
  Transformed 3700/30000 samples
  Transformed 3750/30000 samples
  Transformed 3800/30000 samples
  Transformed 3850/30000 samples
  Transformed 3900/30000 samples
  Transformed 3950/30000 samples
  Transformed 4000/30000 samples
  Transformed 4050/30000 samples
  Transformed 4100/30000 samples
  Transformed 4150/30000 samples
  Transformed 4200/30000 samples
  Transformed 4250/30000 samples
  Transformed 4300/30000 samples
  Transformed 4350/30000 samples
  Transformed 4400/30000 samples
  Transformed 4450/30000 samples
  Transformed 4500/30000 samples
  Transformed 4550/30000 samples
  Transformed 4600/30000 samples
  Transformed 4650/30000 samples
  Transformed 4700/30000 samples
  Transformed 4750/30000 samples
  Transformed 4800/30000 samples
  Transformed 4850/30000 samples
  Transformed 4900/30000 samples
  Transformed 4950/30000 samples
  Transformed 5000/30000 samples
  Transformed 5050/30000 samples
  Transformed 5100/30000 samples
  Transformed 5150/30000 samples
  Transformed 5200/30000 samples
  Transformed 5250/30000 samples
  Transformed 5300/30000 samples
  Transformed 5350/30000 samples
  Transformed 5400/30000 samples
  Transformed 5450/30000 samples
  Transformed 5500/30000 samples
  Transformed 5550/30000 samples
  Transformed 5600/30000 samples
  Transformed 5650/30000 samples
  Transformed 5700/30000 samples
  Transformed 5750/30000 samples
  Transformed 5800/30000 samples
  Transformed 5850/30000 samples
  Transformed 5900/30000 samples
  Transformed 5950/30000 samples
  Transformed 6000/30000 samples
  Transformed 6050/30000 samples
  Transformed 6100/30000 samples
  Transformed 6150/30000 samples
  Transformed 6200/30000 samples
  Transformed 6250/30000 samples
  Transformed 6300/30000 samples
  Transformed 6350/30000 samples
  Transformed 6400/30000 samples
  Transformed 6450/30000 samples
  Transformed 6500/30000 samples
  Transformed 6550/30000 samples
  Transformed 6600/30000 samples
  Transformed 6650/30000 samples
  Transformed 6700/30000 samples
  Transformed 6750/30000 samples
  Transformed 6800/30000 samples
  Transformed 6850/30000 samples
  Transformed 6900/30000 samples
  Transformed 6950/30000 samples
  Transformed 7000/30000 samples
  Transformed 7050/30000 samples
  Transformed 7100/30000 samples
  Transformed 7150/30000 samples
  Transformed 7200/30000 samples
  Transformed 7250/30000 samples
  Transformed 7300/30000 samples
  Transformed 7350/30000 samples
  Transformed 7400/30000 samples
  Transformed 7450/30000 samples
  Transformed 7500/30000 samples
  Transformed 7550/30000 samples
  Transformed 7600/30000 samples
  Transformed 7650/30000 samples
  Transformed 7700/30000 samples
  Transformed 7750/30000 samples
  Transformed 7800/30000 samples
  Transformed 7850/30000 samples
  Transformed 7900/30000 samples
  Transformed 7950/30000 samples
  Transformed 8000/30000 samples
  Transformed 8050/30000 samples
  Transformed 8100/30000 samples
  Transformed 8150/30000 samples
  Transformed 8200/30000 samples
  Transformed 8250/30000 samples
  Transformed 8300/30000 samples
  Transformed 8350/30000 samples
  Transformed 8400/30000 samples
  Transformed 8450/30000 samples
  Transformed 8500/30000 samples
  Transformed 8550/30000 samples
  Transformed 8600/30000 samples
  Transformed 8650/30000 samples
  Transformed 8700/30000 samples
  Transformed 8750/30000 samples
  Transformed 8800/30000 samples
  Transformed 8850/30000 samples
  Transformed 8900/30000 samples
  Transformed 8950/30000 samples
  Transformed 9000/30000 samples
  Transformed 9050/30000 samples
  Transformed 9100/30000 samples
  Transformed 9150/30000 samples
  Transformed 9200/30000 samples
  Transformed 9250/30000 samples
  Transformed 9300/30000 samples
  Transformed 9350/30000 samples
  Transformed 9400/30000 samples
  Transformed 9450/30000 samples
  Transformed 9500/30000 samples
  Transformed 9550/30000 samples
  Transformed 9600/30000 samples
  Transformed 9650/30000 samples
  Transformed 9700/30000 samples
  Transformed 9750/30000 samples
  Transformed 9800/30000 samples
  Transformed 9850/30000 samples
  Transformed 9900/30000 samples
  Transformed 9950/30000 samples
  Transformed 10000/30000 samples
  Transformed 10050/30000 samples
  Transformed 10100/30000 samples
  Transformed 10150/30000 samples
  Transformed 10200/30000 samples
  Transformed 10250/30000 samples
  Transformed 10300/30000 samples
  Transformed 10350/30000 samples
  Transformed 10400/30000 samples
  Transformed 10450/30000 samples
  Transformed 10500/30000 samples
  Transformed 10550/30000 samples
  Transformed 10600/30000 samples
  Transformed 10650/30000 samples
  Transformed 10700/30000 samples
  Transformed 10750/30000 samples
  Transformed 10800/30000 samples
  Transformed 10850/30000 samples
  Transformed 10900/30000 samples
  Transformed 10950/30000 samples
  Transformed 11000/30000 samples
  Transformed 11050/30000 samples
  Transformed 11100/30000 samples
  Transformed 11150/30000 samples
  Transformed 11200/30000 samples
  Transformed 11250/30000 samples
  Transformed 11300/30000 samples
  Transformed 11350/30000 samples
  Transformed 11400/30000 samples
  Transformed 11450/30000 samples
  Transformed 11500/30000 samples
  Transformed 11550/30000 samples
  Transformed 11600/30000 samples
  Transformed 11650/30000 samples
  Transformed 11700/30000 samples
  Transformed 11750/30000 samples
  Transformed 11800/30000 samples
  Transformed 11850/30000 samples
  Transformed 11900/30000 samples
  Transformed 11950/30000 samples
  Transformed 12000/30000 samples
  Transformed 12050/30000 samples
  Transformed 12100/30000 samples
  Transformed 12150/30000 samples
  Transformed 12200/30000 samples
  Transformed 12250/30000 samples
  Transformed 12300/30000 samples
  Transformed 12350/30000 samples
  Transformed 12400/30000 samples
  Transformed 12450/30000 samples
  Transformed 12500/30000 samples
  Transformed 12550/30000 samples
  Transformed 12600/30000 samples
  Transformed 12650/30000 samples
  Transformed 12700/30000 samples
  Transformed 12750/30000 samples
  Transformed 12800/30000 samples
  Transformed 12850/30000 samples
  Transformed 12900/30000 samples
  Transformed 12950/30000 samples
  Transformed 13000/30000 samples
  Transformed 13050/30000 samples
  Transformed 13100/30000 samples
  Transformed 13150/30000 samples
  Transformed 13200/30000 samples
  Transformed 13250/30000 samples
  Transformed 13300/30000 samples
  Transformed 13350/30000 samples
  Transformed 13400/30000 samples
  Transformed 13450/30000 samples
  Transformed 13500/30000 samples
  Transformed 13550/30000 samples
  Transformed 13600/30000 samples
  Transformed 13650/30000 samples
  Transformed 13700/30000 samples
  Transformed 13750/30000 samples
  Transformed 13800/30000 samples
  Transformed 13850/30000 samples
  Transformed 13900/30000 samples
  Transformed 13950/30000 samples
  Transformed 14000/30000 samples
  Transformed 14050/30000 samples
  Transformed 14100/30000 samples
  Transformed 14150/30000 samples
  Transformed 14200/30000 samples
  Transformed 14250/30000 samples
  Transformed 14300/30000 samples
  Transformed 14350/30000 samples
  Transformed 14400/30000 samples
  Transformed 14450/30000 samples
  Transformed 14500/30000 samples
  Transformed 14550/30000 samples
  Transformed 14600/30000 samples
  Transformed 14650/30000 samples
  Transformed 14700/30000 samples
  Transformed 14750/30000 samples
  Transformed 14800/30000 samples
  Transformed 14850/30000 samples
  Transformed 14900/30000 samples
  Transformed 14950/30000 samples
  Transformed 15000/30000 samples
  Transformed 15050/30000 samples
  Transformed 15100/30000 samples
  Transformed 15150/30000 samples
  Transformed 15200/30000 samples
  Transformed 15250/30000 samples
  Transformed 15300/30000 samples
  Transformed 15350/30000 samples
  Transformed 15400/30000 samples
  Transformed 15450/30000 samples
  Transformed 15500/30000 samples
  Transformed 15550/30000 samples
  Transformed 15600/30000 samples
  Transformed 15650/30000 samples
  Transformed 15700/30000 samples
  Transformed 15750/30000 samples
  Transformed 15800/30000 samples
  Transformed 15850/30000 samples
  Transformed 15900/30000 samples
  Transformed 15950/30000 samples
  Transformed 16000/30000 samples
  Transformed 16050/30000 samples
  Transformed 16100/30000 samples
  Transformed 16150/30000 samples
  Transformed 16200/30000 samples
  Transformed 16250/30000 samples
  Transformed 16300/30000 samples
  Transformed 16350/30000 samples
  Transformed 16400/30000 samples
  Transformed 16450/30000 samples
  Transformed 16500/30000 samples
  Transformed 16550/30000 samples
  Transformed 16600/30000 samples
  Transformed 16650/30000 samples
  Transformed 16700/30000 samples
  Transformed 16750/30000 samples
  Transformed 16800/30000 samples
  Transformed 16850/30000 samples
  Transformed 16900/30000 samples
  Transformed 16950/30000 samples
  Transformed 17000/30000 samples
  Transformed 17050/30000 samples
  Transformed 17100/30000 samples
  Transformed 17150/30000 samples
  Transformed 17200/30000 samples
  Transformed 17250/30000 samples
  Transformed 17300/30000 samples
  Transformed 17350/30000 samples
  Transformed 17400/30000 samples
  Transformed 17450/30000 samples
  Transformed 17500/30000 samples
  Transformed 17550/30000 samples
  Transformed 17600/30000 samples
  Transformed 17650/30000 samples
  Transformed 17700/30000 samples
  Transformed 17750/30000 samples
  Transformed 17800/30000 samples
  Transformed 17850/30000 samples
  Transformed 17900/30000 samples
  Transformed 17950/30000 samples
  Transformed 18000/30000 samples
  Transformed 18050/30000 samples
  Transformed 18100/30000 samples
  Transformed 18150/30000 samples
  Transformed 18200/30000 samples
  Transformed 18250/30000 samples
  Transformed 18300/30000 samples
  Transformed 18350/30000 samples
  Transformed 18400/30000 samples
  Transformed 18450/30000 samples
  Transformed 18500/30000 samples
  Transformed 18550/30000 samples
  Transformed 18600/30000 samples
  Transformed 18650/30000 samples
  Transformed 18700/30000 samples
  Transformed 18750/30000 samples
  Transformed 18800/30000 samples
  Transformed 18850/30000 samples
  Transformed 18900/30000 samples
  Transformed 18950/30000 samples
  Transformed 19000/30000 samples
  Transformed 19050/30000 samples
  Transformed 19100/30000 samples
  Transformed 19150/30000 samples
  Transformed 19200/30000 samples
  Transformed 19250/30000 samples
  Transformed 19300/30000 samples
  Transformed 19350/30000 samples
  Transformed 19400/30000 samples
  Transformed 19450/30000 samples
  Transformed 19500/30000 samples
  Transformed 19550/30000 samples
  Transformed 19600/30000 samples
  Transformed 19650/30000 samples
  Transformed 19700/30000 samples
  Transformed 19750/30000 samples
  Transformed 19800/30000 samples
  Transformed 19850/30000 samples
  Transformed 19900/30000 samples
  Transformed 19950/30000 samples
  Transformed 20000/30000 samples
  Transformed 20050/30000 samples
  Transformed 20100/30000 samples
  Transformed 20150/30000 samples
  Transformed 20200/30000 samples
  Transformed 20250/30000 samples
  Transformed 20300/30000 samples
  Transformed 20350/30000 samples
  Transformed 20400/30000 samples
  Transformed 20450/30000 samples
  Transformed 20500/30000 samples
  Transformed 20550/30000 samples
  Transformed 20600/30000 samples
  Transformed 20650/30000 samples
  Transformed 20700/30000 samples
  Transformed 20750/30000 samples
  Transformed 20800/30000 samples
  Transformed 20850/30000 samples
  Transformed 20900/30000 samples
  Transformed 20950/30000 samples
  Transformed 21000/30000 samples
  Transformed 21050/30000 samples
  Transformed 21100/30000 samples
  Transformed 21150/30000 samples
  Transformed 21200/30000 samples
  Transformed 21250/30000 samples
  Transformed 21300/30000 samples
  Transformed 21350/30000 samples
  Transformed 21400/30000 samples
  Transformed 21450/30000 samples
  Transformed 21500/30000 samples
  Transformed 21550/30000 samples
  Transformed 21600/30000 samples
  Transformed 21650/30000 samples
  Transformed 21700/30000 samples
  Transformed 21750/30000 samples
  Transformed 21800/30000 samples
  Transformed 21850/30000 samples
  Transformed 21900/30000 samples
  Transformed 21950/30000 samples
  Transformed 22000/30000 samples
  Transformed 22050/30000 samples
  Transformed 22100/30000 samples
  Transformed 22150/30000 samples
  Transformed 22200/30000 samples
  Transformed 22250/30000 samples
  Transformed 22300/30000 samples
  Transformed 22350/30000 samples
  Transformed 22400/30000 samples
  Transformed 22450/30000 samples
  Transformed 22500/30000 samples
  Transformed 22550/30000 samples
  Transformed 22600/30000 samples
  Transformed 22650/30000 samples
  Transformed 22700/30000 samples
  Transformed 22750/30000 samples
  Transformed 22800/30000 samples
  Transformed 22850/30000 samples
  Transformed 22900/30000 samples
  Transformed 22950/30000 samples
  Transformed 23000/30000 samples
  Transformed 23050/30000 samples
  Transformed 23100/30000 samples
  Transformed 23150/30000 samples
  Transformed 23200/30000 samples
  Transformed 23250/30000 samples
  Transformed 23300/30000 samples
  Transformed 23350/30000 samples
  Transformed 23400/30000 samples
  Transformed 23450/30000 samples
  Transformed 23500/30000 samples
  Transformed 23550/30000 samples
  Transformed 23600/30000 samples
  Transformed 23650/30000 samples
  Transformed 23700/30000 samples
  Transformed 23750/30000 samples
  Transformed 23800/30000 samples
  Transformed 23850/30000 samples
  Transformed 23900/30000 samples
  Transformed 23950/30000 samples
  Transformed 24000/30000 samples
  Transformed 24050/30000 samples
  Transformed 24100/30000 samples
  Transformed 24150/30000 samples
  Transformed 24200/30000 samples
  Transformed 24250/30000 samples
  Transformed 24300/30000 samples
  Transformed 24350/30000 samples
  Transformed 24400/30000 samples
  Transformed 24450/30000 samples
  Transformed 24500/30000 samples
  Transformed 24550/30000 samples
  Transformed 24600/30000 samples
  Transformed 24650/30000 samples
  Transformed 24700/30000 samples
  Transformed 24750/30000 samples
  Transformed 24800/30000 samples
  Transformed 24850/30000 samples
  Transformed 24900/30000 samples
  Transformed 24950/30000 samples
  Transformed 25000/30000 samples
  Transformed 25050/30000 samples
  Transformed 25100/30000 samples
  Transformed 25150/30000 samples
  Transformed 25200/30000 samples
  Transformed 25250/30000 samples
  Transformed 25300/30000 samples
  Transformed 25350/30000 samples
  Transformed 25400/30000 samples
  Transformed 25450/30000 samples
  Transformed 25500/30000 samples
  Transformed 25550/30000 samples
  Transformed 25600/30000 samples
  Transformed 25650/30000 samples
  Transformed 25700/30000 samples
  Transformed 25750/30000 samples
  Transformed 25800/30000 samples
  Transformed 25850/30000 samples
  Transformed 25900/30000 samples
  Transformed 25950/30000 samples
  Transformed 26000/30000 samples
  Transformed 26050/30000 samples
  Transformed 26100/30000 samples
  Transformed 26150/30000 samples
  Transformed 26200/30000 samples
  Transformed 26250/30000 samples
  Transformed 26300/30000 samples
  Transformed 26350/30000 samples
  Transformed 26400/30000 samples
  Transformed 26450/30000 samples
  Transformed 26500/30000 samples
  Transformed 26550/30000 samples
  Transformed 26600/30000 samples
  Transformed 26650/30000 samples
  Transformed 26700/30000 samples
  Transformed 26750/30000 samples
  Transformed 26800/30000 samples
  Transformed 26850/30000 samples
  Transformed 26900/30000 samples
  Transformed 26950/30000 samples
  Transformed 27000/30000 samples
  Transformed 27050/30000 samples
  Transformed 27100/30000 samples
  Transformed 27150/30000 samples
  Transformed 27200/30000 samples
  Transformed 27250/30000 samples
  Transformed 27300/30000 samples
  Transformed 27350/30000 samples
  Transformed 27400/30000 samples
  Transformed 27450/30000 samples
  Transformed 27500/30000 samples
  Transformed 27550/30000 samples
  Transformed 27600/30000 samples
  Transformed 27650/30000 samples
  Transformed 27700/30000 samples
  Transformed 27750/30000 samples
  Transformed 27800/30000 samples
  Transformed 27850/30000 samples
  Transformed 27900/30000 samples
  Transformed 27950/30000 samples
  Transformed 28000/30000 samples
  Transformed 28050/30000 samples
  Transformed 28100/30000 samples
  Transformed 28150/30000 samples
  Transformed 28200/30000 samples
  Transformed 28250/30000 samples
  Transformed 28300/30000 samples
  Transformed 28350/30000 samples
  Transformed 28400/30000 samples
  Transformed 28450/30000 samples
  Transformed 28500/30000 samples
  Transformed 28550/30000 samples
  Transformed 28600/30000 samples
  Transformed 28650/30000 samples
  Transformed 28700/30000 samples
  Transformed 28750/30000 samples
  Transformed 28800/30000 samples
  Transformed 28850/30000 samples
  Transformed 28900/30000 samples
  Transformed 28950/30000 samples
  Transformed 29000/30000 samples
  Transformed 29050/30000 samples
  Transformed 29100/30000 samples
  Transformed 29150/30000 samples
  Transformed 29200/30000 samples
  Transformed 29250/30000 samples
  Transformed 29300/30000 samples
  Transformed 29350/30000 samples
  Transformed 29400/30000 samples
  Transformed 29450/30000 samples
  Transformed 29500/30000 samples
  Transformed 29550/30000 samples
  Transformed 29600/30000 samples
  Transformed 29650/30000 samples
  Transformed 29700/30000 samples
  Transformed 29750/30000 samples
  Transformed 29800/30000 samples
  Transformed 29850/30000 samples
  Transformed 29900/30000 samples
  Transformed 29950/30000 samples
  Transformed 30000/30000 samples
  Transforming test data (seed=67)...
  Transformed 50/5000 samples
  Transformed 100/5000 samples
  Transformed 150/5000 samples
  Transformed 200/5000 samples
  Transformed 250/5000 samples
  Transformed 300/5000 samples
  Transformed 350/5000 samples
  Transformed 400/5000 samples
  Transformed 450/5000 samples
  Transformed 500/5000 samples
  Transformed 550/5000 samples
  Transformed 600/5000 samples
  Transformed 650/5000 samples
  Transformed 700/5000 samples
  Transformed 750/5000 samples
  Transformed 800/5000 samples
  Transformed 850/5000 samples
  Transformed 900/5000 samples
  Transformed 950/5000 samples
  Transformed 1000/5000 samples
  Transformed 1050/5000 samples
  Transformed 1100/5000 samples
  Transformed 1150/5000 samples
  Transformed 1200/5000 samples
  Transformed 1250/5000 samples
  Transformed 1300/5000 samples
  Transformed 1350/5000 samples
  Transformed 1400/5000 samples
  Transformed 1450/5000 samples
  Transformed 1500/5000 samples
  Transformed 1550/5000 samples
  Transformed 1600/5000 samples
  Transformed 1650/5000 samples
  Transformed 1700/5000 samples
  Transformed 1750/5000 samples
  Transformed 1800/5000 samples
  Transformed 1850/5000 samples
  Transformed 1900/5000 samples
  Transformed 1950/5000 samples
  Transformed 2000/5000 samples
  Transformed 2050/5000 samples
  Transformed 2100/5000 samples
  Transformed 2150/5000 samples
  Transformed 2200/5000 samples
  Transformed 2250/5000 samples
  Transformed 2300/5000 samples
  Transformed 2350/5000 samples
  Transformed 2400/5000 samples
  Transformed 2450/5000 samples
  Transformed 2500/5000 samples
  Transformed 2550/5000 samples
  Transformed 2600/5000 samples
  Transformed 2650/5000 samples
  Transformed 2700/5000 samples
  Transformed 2750/5000 samples
  Transformed 2800/5000 samples
  Transformed 2850/5000 samples
  Transformed 2900/5000 samples
  Transformed 2950/5000 samples
  Transformed 3000/5000 samples
  Transformed 3050/5000 samples
  Transformed 3100/5000 samples
  Transformed 3150/5000 samples
  Transformed 3200/5000 samples
  Transformed 3250/5000 samples
  Transformed 3300/5000 samples
  Transformed 3350/5000 samples
  Transformed 3400/5000 samples
  Transformed 3450/5000 samples
  Transformed 3500/5000 samples
  Transformed 3550/5000 samples
  Transformed 3600/5000 samples
  Transformed 3650/5000 samples
  Transformed 3700/5000 samples
  Transformed 3750/5000 samples
  Transformed 3800/5000 samples
  Transformed 3850/5000 samples
  Transformed 3900/5000 samples
  Transformed 3950/5000 samples
  Transformed 4000/5000 samples
  Transformed 4050/5000 samples
  Transformed 4100/5000 samples
  Transformed 4150/5000 samples
  Transformed 4200/5000 samples
  Transformed 4250/5000 samples
  Transformed 4300/5000 samples
  Transformed 4350/5000 samples
  Transformed 4400/5000 samples
  Transformed 4450/5000 samples
  Transformed 4500/5000 samples
  Transformed 4550/5000 samples
  Transformed 4600/5000 samples
  Transformed 4650/5000 samples
  Transformed 4700/5000 samples
  Transformed 4750/5000 samples
  Transformed 4800/5000 samples
  Transformed 4850/5000 samples
  Transformed 4900/5000 samples
  Transformed 4950/5000 samples
  Transformed 5000/5000 samples
  Training classifier (seed=67)...
  Seed 67 accuracy: 96.18%

=======================================================
  MULTI-SEED SUMMARY  (N-MNIST MuLRE)
=======================================================
  Seed  21:  96.22%
  Seed  42:  94.56%
  Seed  67:  96.18%
  -----------------------------------------------
  Mean ± Std:  95.65% ± 0.77%
  Min / Max:   94.56% / 96.22%
  Best seed:   21
Saved results to /scratch/rmonterogonzal/FRML_Reproduction/results/nmnist_mulre/nmnist_mulre_multiseed.json

All results saved.
