Python used:
/scratch/rmonterogonzal/FRML_Reproduction/.venv/bin/python
Python 3.11.9
Testing imports:
imports ok
Starting experiment:
/scratch/rmonterogonzal/FRML_Reproduction

=======================================================
  SEED 21
=======================================================
Loading SHD train subset...
  Loaded 100/8156 samples
  Loaded 200/8156 samples
  Loaded 300/8156 samples
  Loaded 400/8156 samples
  Loaded 500/8156 samples
  Loaded 600/8156 samples
  Loaded 700/8156 samples
  Loaded 800/8156 samples
  Loaded 900/8156 samples
  Loaded 1000/8156 samples
  Loaded 1100/8156 samples
  Loaded 1200/8156 samples
  Loaded 1300/8156 samples
  Loaded 1400/8156 samples
  Loaded 1500/8156 samples
  Loaded 1600/8156 samples
  Loaded 1700/8156 samples
  Loaded 1800/8156 samples
  Loaded 1900/8156 samples
  Loaded 2000/8156 samples
  Loaded 2100/8156 samples
  Loaded 2200/8156 samples
  Loaded 2300/8156 samples
  Loaded 2400/8156 samples
  Loaded 2500/8156 samples
  Loaded 2600/8156 samples
  Loaded 2700/8156 samples
  Loaded 2800/8156 samples
  Loaded 2900/8156 samples
  Loaded 3000/8156 samples
  Loaded 3100/8156 samples
  Loaded 3200/8156 samples
  Loaded 3300/8156 samples
  Loaded 3400/8156 samples
  Loaded 3500/8156 samples
  Loaded 3600/8156 samples
  Loaded 3700/8156 samples
  Loaded 3800/8156 samples
  Loaded 3900/8156 samples
  Loaded 4000/8156 samples
  Loaded 4100/8156 samples
  Loaded 4200/8156 samples
  Loaded 4300/8156 samples
  Loaded 4400/8156 samples
  Loaded 4500/8156 samples
  Loaded 4600/8156 samples
  Loaded 4700/8156 samples
  Loaded 4800/8156 samples
  Loaded 4900/8156 samples
  Loaded 5000/8156 samples
  Loaded 5100/8156 samples
  Loaded 5200/8156 samples
  Loaded 5300/8156 samples
  Loaded 5400/8156 samples
  Loaded 5500/8156 samples
  Loaded 5600/8156 samples
  Loaded 5700/8156 samples
  Loaded 5800/8156 samples
  Loaded 5900/8156 samples
  Loaded 6000/8156 samples
  Loaded 6100/8156 samples
  Loaded 6200/8156 samples
  Loaded 6300/8156 samples
  Loaded 6400/8156 samples
  Loaded 6500/8156 samples
  Loaded 6600/8156 samples
  Loaded 6700/8156 samples
  Loaded 6800/8156 samples
  Loaded 6900/8156 samples
  Loaded 7000/8156 samples
  Loaded 7100/8156 samples
  Loaded 7200/8156 samples
  Loaded 7300/8156 samples
  Loaded 7400/8156 samples
  Loaded 7500/8156 samples
  Loaded 7600/8156 samples
  Loaded 7700/8156 samples
  Loaded 7800/8156 samples
  Loaded 7900/8156 samples
  Loaded 8000/8156 samples
  Loaded 8100/8156 samples
Loading SHD test subset...
  Loaded 100/2264 samples
  Loaded 200/2264 samples
  Loaded 300/2264 samples
  Loaded 400/2264 samples
  Loaded 500/2264 samples
  Loaded 600/2264 samples
  Loaded 700/2264 samples
  Loaded 800/2264 samples
  Loaded 900/2264 samples
  Loaded 1000/2264 samples
  Loaded 1100/2264 samples
  Loaded 1200/2264 samples
  Loaded 1300/2264 samples
  Loaded 1400/2264 samples
  Loaded 1500/2264 samples
  Loaded 1600/2264 samples
  Loaded 1700/2264 samples
  Loaded 1800/2264 samples
  Loaded 1900/2264 samples
  Loaded 2000/2264 samples
  Loaded 2100/2264 samples
  Loaded 2200/2264 samples
Train labels: [406 401 404 407 393 399 400 400 395 406 411 412 412 413 418 421 415 412
 410 421]
Test labels:  [103 108 105 102 116 110 109 109 114 103 122 121 121 120 115 112 118 121
 123 112]
Input shape:  (8156, 1000, 700)

  Building SHD TEPRE (seed=21)...
  Transforming train data (seed=21)...
  Transformed 100/8156 samples
  Transformed 200/8156 samples
  Transformed 300/8156 samples
  Transformed 400/8156 samples
  Transformed 500/8156 samples
  Transformed 600/8156 samples
  Transformed 700/8156 samples
  Transformed 800/8156 samples
  Transformed 900/8156 samples
  Transformed 1000/8156 samples
  Transformed 1100/8156 samples
  Transformed 1200/8156 samples
  Transformed 1300/8156 samples
  Transformed 1400/8156 samples
  Transformed 1500/8156 samples
  Transformed 1600/8156 samples
  Transformed 1700/8156 samples
  Transformed 1800/8156 samples
  Transformed 1900/8156 samples
  Transformed 2000/8156 samples
  Transformed 2100/8156 samples
  Transformed 2200/8156 samples
  Transformed 2300/8156 samples
  Transformed 2400/8156 samples
  Transformed 2500/8156 samples
  Transformed 2600/8156 samples
  Transformed 2700/8156 samples
  Transformed 2800/8156 samples
  Transformed 2900/8156 samples
  Transformed 3000/8156 samples
  Transformed 3100/8156 samples
  Transformed 3200/8156 samples
  Transformed 3300/8156 samples
  Transformed 3400/8156 samples
  Transformed 3500/8156 samples
  Transformed 3600/8156 samples
  Transformed 3700/8156 samples
  Transformed 3800/8156 samples
  Transformed 3900/8156 samples
  Transformed 4000/8156 samples
  Transformed 4100/8156 samples
  Transformed 4200/8156 samples
  Transformed 4300/8156 samples
  Transformed 4400/8156 samples
  Transformed 4500/8156 samples
  Transformed 4600/8156 samples
  Transformed 4700/8156 samples
  Transformed 4800/8156 samples
  Transformed 4900/8156 samples
  Transformed 5000/8156 samples
  Transformed 5100/8156 samples
  Transformed 5200/8156 samples
  Transformed 5300/8156 samples
  Transformed 5400/8156 samples
  Transformed 5500/8156 samples
  Transformed 5600/8156 samples
  Transformed 5700/8156 samples
  Transformed 5800/8156 samples
  Transformed 5900/8156 samples
  Transformed 6000/8156 samples
  Transformed 6100/8156 samples
  Transformed 6200/8156 samples
  Transformed 6300/8156 samples
  Transformed 6400/8156 samples
  Transformed 6500/8156 samples
  Transformed 6600/8156 samples
  Transformed 6700/8156 samples
  Transformed 6800/8156 samples
  Transformed 6900/8156 samples
  Transformed 7000/8156 samples
  Transformed 7100/8156 samples
  Transformed 7200/8156 samples
  Transformed 7300/8156 samples
  Transformed 7400/8156 samples
  Transformed 7500/8156 samples
  Transformed 7600/8156 samples
  Transformed 7700/8156 samples
  Transformed 7800/8156 samples
  Transformed 7900/8156 samples
  Transformed 8000/8156 samples
  Transformed 8100/8156 samples
  Transforming test data (seed=21)...
  Transformed 100/2264 samples
  Transformed 200/2264 samples
  Transformed 300/2264 samples
  Transformed 400/2264 samples
  Transformed 500/2264 samples
  Transformed 600/2264 samples
  Transformed 700/2264 samples
  Transformed 800/2264 samples
  Transformed 900/2264 samples
  Transformed 1000/2264 samples
  Transformed 1100/2264 samples
  Transformed 1200/2264 samples
  Transformed 1300/2264 samples
  Transformed 1400/2264 samples
  Transformed 1500/2264 samples
  Transformed 1600/2264 samples
  Transformed 1700/2264 samples
  Transformed 1800/2264 samples
  Transformed 1900/2264 samples
  Transformed 2000/2264 samples
  Transformed 2100/2264 samples
  Transformed 2200/2264 samples
  Training classifier (seed=21)...
  Seed 21 accuracy: 35.25%

=======================================================
  SEED 42
=======================================================
Loading SHD train subset...
  Loaded 100/8156 samples
  Loaded 200/8156 samples
  Loaded 300/8156 samples
  Loaded 400/8156 samples
  Loaded 500/8156 samples
  Loaded 600/8156 samples
  Loaded 700/8156 samples
  Loaded 800/8156 samples
  Loaded 900/8156 samples
  Loaded 1000/8156 samples
  Loaded 1100/8156 samples
  Loaded 1200/8156 samples
  Loaded 1300/8156 samples
  Loaded 1400/8156 samples
  Loaded 1500/8156 samples
  Loaded 1600/8156 samples
  Loaded 1700/8156 samples
  Loaded 1800/8156 samples
  Loaded 1900/8156 samples
  Loaded 2000/8156 samples
  Loaded 2100/8156 samples
  Loaded 2200/8156 samples
  Loaded 2300/8156 samples
  Loaded 2400/8156 samples
  Loaded 2500/8156 samples
  Loaded 2600/8156 samples
  Loaded 2700/8156 samples
  Loaded 2800/8156 samples
  Loaded 2900/8156 samples
  Loaded 3000/8156 samples
  Loaded 3100/8156 samples
  Loaded 3200/8156 samples
  Loaded 3300/8156 samples
  Loaded 3400/8156 samples
  Loaded 3500/8156 samples
  Loaded 3600/8156 samples
  Loaded 3700/8156 samples
  Loaded 3800/8156 samples
  Loaded 3900/8156 samples
  Loaded 4000/8156 samples
  Loaded 4100/8156 samples
  Loaded 4200/8156 samples
  Loaded 4300/8156 samples
  Loaded 4400/8156 samples
  Loaded 4500/8156 samples
  Loaded 4600/8156 samples
  Loaded 4700/8156 samples
  Loaded 4800/8156 samples
  Loaded 4900/8156 samples
  Loaded 5000/8156 samples
  Loaded 5100/8156 samples
  Loaded 5200/8156 samples
  Loaded 5300/8156 samples
  Loaded 5400/8156 samples
  Loaded 5500/8156 samples
  Loaded 5600/8156 samples
  Loaded 5700/8156 samples
  Loaded 5800/8156 samples
  Loaded 5900/8156 samples
  Loaded 6000/8156 samples
  Loaded 6100/8156 samples
  Loaded 6200/8156 samples
  Loaded 6300/8156 samples
  Loaded 6400/8156 samples
  Loaded 6500/8156 samples
  Loaded 6600/8156 samples
  Loaded 6700/8156 samples
  Loaded 6800/8156 samples
  Loaded 6900/8156 samples
  Loaded 7000/8156 samples
  Loaded 7100/8156 samples
  Loaded 7200/8156 samples
  Loaded 7300/8156 samples
  Loaded 7400/8156 samples
  Loaded 7500/8156 samples
  Loaded 7600/8156 samples
  Loaded 7700/8156 samples
  Loaded 7800/8156 samples
  Loaded 7900/8156 samples
  Loaded 8000/8156 samples
  Loaded 8100/8156 samples
Loading SHD test subset...
  Loaded 100/2264 samples
  Loaded 200/2264 samples
  Loaded 300/2264 samples
  Loaded 400/2264 samples
  Loaded 500/2264 samples
  Loaded 600/2264 samples
  Loaded 700/2264 samples
  Loaded 800/2264 samples
  Loaded 900/2264 samples
  Loaded 1000/2264 samples
  Loaded 1100/2264 samples
  Loaded 1200/2264 samples
  Loaded 1300/2264 samples
  Loaded 1400/2264 samples
  Loaded 1500/2264 samples
  Loaded 1600/2264 samples
  Loaded 1700/2264 samples
  Loaded 1800/2264 samples
  Loaded 1900/2264 samples
  Loaded 2000/2264 samples
  Loaded 2100/2264 samples
  Loaded 2200/2264 samples
Train labels: [406 401 404 407 393 399 400 400 395 406 411 412 412 413 418 421 415 412
 410 421]
Test labels:  [103 108 105 102 116 110 109 109 114 103 122 121 121 120 115 112 118 121
 123 112]
Input shape:  (8156, 1000, 700)

  Building SHD TEPRE (seed=42)...
  Transforming train data (seed=42)...
  Transformed 100/8156 samples
  Transformed 200/8156 samples
  Transformed 300/8156 samples
  Transformed 400/8156 samples
  Transformed 500/8156 samples
  Transformed 600/8156 samples
  Transformed 700/8156 samples
  Transformed 800/8156 samples
  Transformed 900/8156 samples
  Transformed 1000/8156 samples
  Transformed 1100/8156 samples
  Transformed 1200/8156 samples
  Transformed 1300/8156 samples
  Transformed 1400/8156 samples
  Transformed 1500/8156 samples
  Transformed 1600/8156 samples
  Transformed 1700/8156 samples
  Transformed 1800/8156 samples
  Transformed 1900/8156 samples
  Transformed 2000/8156 samples
  Transformed 2100/8156 samples
  Transformed 2200/8156 samples
  Transformed 2300/8156 samples
  Transformed 2400/8156 samples
  Transformed 2500/8156 samples
  Transformed 2600/8156 samples
  Transformed 2700/8156 samples
  Transformed 2800/8156 samples
  Transformed 2900/8156 samples
  Transformed 3000/8156 samples
  Transformed 3100/8156 samples
  Transformed 3200/8156 samples
  Transformed 3300/8156 samples
  Transformed 3400/8156 samples
  Transformed 3500/8156 samples
  Transformed 3600/8156 samples
  Transformed 3700/8156 samples
  Transformed 3800/8156 samples
  Transformed 3900/8156 samples
  Transformed 4000/8156 samples
  Transformed 4100/8156 samples
  Transformed 4200/8156 samples
  Transformed 4300/8156 samples
  Transformed 4400/8156 samples
  Transformed 4500/8156 samples
  Transformed 4600/8156 samples
  Transformed 4700/8156 samples
  Transformed 4800/8156 samples
  Transformed 4900/8156 samples
  Transformed 5000/8156 samples
  Transformed 5100/8156 samples
  Transformed 5200/8156 samples
  Transformed 5300/8156 samples
  Transformed 5400/8156 samples
  Transformed 5500/8156 samples
  Transformed 5600/8156 samples
  Transformed 5700/8156 samples
  Transformed 5800/8156 samples
  Transformed 5900/8156 samples
  Transformed 6000/8156 samples
  Transformed 6100/8156 samples
  Transformed 6200/8156 samples
  Transformed 6300/8156 samples
  Transformed 6400/8156 samples
  Transformed 6500/8156 samples
  Transformed 6600/8156 samples
  Transformed 6700/8156 samples
  Transformed 6800/8156 samples
  Transformed 6900/8156 samples
  Transformed 7000/8156 samples
  Transformed 7100/8156 samples
  Transformed 7200/8156 samples
  Transformed 7300/8156 samples
  Transformed 7400/8156 samples
  Transformed 7500/8156 samples
  Transformed 7600/8156 samples
  Transformed 7700/8156 samples
  Transformed 7800/8156 samples
  Transformed 7900/8156 samples
  Transformed 8000/8156 samples
  Transformed 8100/8156 samples
  Transforming test data (seed=42)...
  Transformed 100/2264 samples
  Transformed 200/2264 samples
  Transformed 300/2264 samples
  Transformed 400/2264 samples
  Transformed 500/2264 samples
  Transformed 600/2264 samples
  Transformed 700/2264 samples
  Transformed 800/2264 samples
  Transformed 900/2264 samples
  Transformed 1000/2264 samples
  Transformed 1100/2264 samples
  Transformed 1200/2264 samples
  Transformed 1300/2264 samples
  Transformed 1400/2264 samples
  Transformed 1500/2264 samples
  Transformed 1600/2264 samples
  Transformed 1700/2264 samples
  Transformed 1800/2264 samples
  Transformed 1900/2264 samples
  Transformed 2000/2264 samples
  Transformed 2100/2264 samples
  Transformed 2200/2264 samples
  Training classifier (seed=42)...
  Seed 42 accuracy: 43.86%

=======================================================
  SEED 67
=======================================================
Loading SHD train subset...
  Loaded 100/8156 samples
  Loaded 200/8156 samples
  Loaded 300/8156 samples
  Loaded 400/8156 samples
  Loaded 500/8156 samples
  Loaded 600/8156 samples
  Loaded 700/8156 samples
  Loaded 800/8156 samples
  Loaded 900/8156 samples
  Loaded 1000/8156 samples
  Loaded 1100/8156 samples
  Loaded 1200/8156 samples
  Loaded 1300/8156 samples
  Loaded 1400/8156 samples
  Loaded 1500/8156 samples
  Loaded 1600/8156 samples
  Loaded 1700/8156 samples
  Loaded 1800/8156 samples
  Loaded 1900/8156 samples
  Loaded 2000/8156 samples
  Loaded 2100/8156 samples
  Loaded 2200/8156 samples
  Loaded 2300/8156 samples
  Loaded 2400/8156 samples
  Loaded 2500/8156 samples
  Loaded 2600/8156 samples
  Loaded 2700/8156 samples
  Loaded 2800/8156 samples
  Loaded 2900/8156 samples
  Loaded 3000/8156 samples
  Loaded 3100/8156 samples
  Loaded 3200/8156 samples
  Loaded 3300/8156 samples
  Loaded 3400/8156 samples
  Loaded 3500/8156 samples
  Loaded 3600/8156 samples
  Loaded 3700/8156 samples
  Loaded 3800/8156 samples
  Loaded 3900/8156 samples
  Loaded 4000/8156 samples
  Loaded 4100/8156 samples
  Loaded 4200/8156 samples
  Loaded 4300/8156 samples
  Loaded 4400/8156 samples
  Loaded 4500/8156 samples
  Loaded 4600/8156 samples
  Loaded 4700/8156 samples
  Loaded 4800/8156 samples
  Loaded 4900/8156 samples
  Loaded 5000/8156 samples
  Loaded 5100/8156 samples
  Loaded 5200/8156 samples
  Loaded 5300/8156 samples
  Loaded 5400/8156 samples
  Loaded 5500/8156 samples
  Loaded 5600/8156 samples
  Loaded 5700/8156 samples
  Loaded 5800/8156 samples
  Loaded 5900/8156 samples
  Loaded 6000/8156 samples
  Loaded 6100/8156 samples
  Loaded 6200/8156 samples
  Loaded 6300/8156 samples
  Loaded 6400/8156 samples
  Loaded 6500/8156 samples
  Loaded 6600/8156 samples
  Loaded 6700/8156 samples
  Loaded 6800/8156 samples
  Loaded 6900/8156 samples
  Loaded 7000/8156 samples
  Loaded 7100/8156 samples
  Loaded 7200/8156 samples
  Loaded 7300/8156 samples
  Loaded 7400/8156 samples
  Loaded 7500/8156 samples
  Loaded 7600/8156 samples
  Loaded 7700/8156 samples
  Loaded 7800/8156 samples
  Loaded 7900/8156 samples
  Loaded 8000/8156 samples
  Loaded 8100/8156 samples
Loading SHD test subset...
  Loaded 100/2264 samples
  Loaded 200/2264 samples
  Loaded 300/2264 samples
  Loaded 400/2264 samples
  Loaded 500/2264 samples
  Loaded 600/2264 samples
  Loaded 700/2264 samples
  Loaded 800/2264 samples
  Loaded 900/2264 samples
  Loaded 1000/2264 samples
  Loaded 1100/2264 samples
  Loaded 1200/2264 samples
  Loaded 1300/2264 samples
  Loaded 1400/2264 samples
  Loaded 1500/2264 samples
  Loaded 1600/2264 samples
  Loaded 1700/2264 samples
  Loaded 1800/2264 samples
  Loaded 1900/2264 samples
  Loaded 2000/2264 samples
  Loaded 2100/2264 samples
  Loaded 2200/2264 samples
Train labels: [406 401 404 407 393 399 400 400 395 406 411 412 412 413 418 421 415 412
 410 421]
Test labels:  [103 108 105 102 116 110 109 109 114 103 122 121 121 120 115 112 118 121
 123 112]
Input shape:  (8156, 1000, 700)

  Building SHD TEPRE (seed=67)...
  Transforming train data (seed=67)...
  Transformed 100/8156 samples
  Transformed 200/8156 samples
  Transformed 300/8156 samples
  Transformed 400/8156 samples
  Transformed 500/8156 samples
  Transformed 600/8156 samples
  Transformed 700/8156 samples
  Transformed 800/8156 samples
  Transformed 900/8156 samples
  Transformed 1000/8156 samples
  Transformed 1100/8156 samples
  Transformed 1200/8156 samples
  Transformed 1300/8156 samples
  Transformed 1400/8156 samples
  Transformed 1500/8156 samples
  Transformed 1600/8156 samples
  Transformed 1700/8156 samples
  Transformed 1800/8156 samples
  Transformed 1900/8156 samples
  Transformed 2000/8156 samples
  Transformed 2100/8156 samples
  Transformed 2200/8156 samples
  Transformed 2300/8156 samples
  Transformed 2400/8156 samples
  Transformed 2500/8156 samples
  Transformed 2600/8156 samples
  Transformed 2700/8156 samples
  Transformed 2800/8156 samples
  Transformed 2900/8156 samples
  Transformed 3000/8156 samples
  Transformed 3100/8156 samples
  Transformed 3200/8156 samples
  Transformed 3300/8156 samples
  Transformed 3400/8156 samples
  Transformed 3500/8156 samples
  Transformed 3600/8156 samples
  Transformed 3700/8156 samples
  Transformed 3800/8156 samples
  Transformed 3900/8156 samples
  Transformed 4000/8156 samples
  Transformed 4100/8156 samples
  Transformed 4200/8156 samples
  Transformed 4300/8156 samples
  Transformed 4400/8156 samples
  Transformed 4500/8156 samples
  Transformed 4600/8156 samples
  Transformed 4700/8156 samples
  Transformed 4800/8156 samples
  Transformed 4900/8156 samples
  Transformed 5000/8156 samples
  Transformed 5100/8156 samples
  Transformed 5200/8156 samples
  Transformed 5300/8156 samples
  Transformed 5400/8156 samples
  Transformed 5500/8156 samples
  Transformed 5600/8156 samples
  Transformed 5700/8156 samples
  Transformed 5800/8156 samples
  Transformed 5900/8156 samples
  Transformed 6000/8156 samples
  Transformed 6100/8156 samples
  Transformed 6200/8156 samples
  Transformed 6300/8156 samples
  Transformed 6400/8156 samples
  Transformed 6500/8156 samples
  Transformed 6600/8156 samples
  Transformed 6700/8156 samples
  Transformed 6800/8156 samples
  Transformed 6900/8156 samples
  Transformed 7000/8156 samples
  Transformed 7100/8156 samples
  Transformed 7200/8156 samples
  Transformed 7300/8156 samples
  Transformed 7400/8156 samples
  Transformed 7500/8156 samples
  Transformed 7600/8156 samples
  Transformed 7700/8156 samples
  Transformed 7800/8156 samples
  Transformed 7900/8156 samples
  Transformed 8000/8156 samples
  Transformed 8100/8156 samples
  Transforming test data (seed=67)...
  Transformed 100/2264 samples
  Transformed 200/2264 samples
  Transformed 300/2264 samples
  Transformed 400/2264 samples
  Transformed 500/2264 samples
  Transformed 600/2264 samples
  Transformed 700/2264 samples
  Transformed 800/2264 samples
  Transformed 900/2264 samples
  Transformed 1000/2264 samples
  Transformed 1100/2264 samples
  Transformed 1200/2264 samples
  Transformed 1300/2264 samples
  Transformed 1400/2264 samples
  Transformed 1500/2264 samples
  Transformed 1600/2264 samples
  Transformed 1700/2264 samples
  Transformed 1800/2264 samples
  Transformed 1900/2264 samples
  Transformed 2000/2264 samples
  Transformed 2100/2264 samples
  Transformed 2200/2264 samples
  Training classifier (seed=67)...
  Seed 67 accuracy: 45.01%

=======================================================
  MULTI-SEED SUMMARY  (SHD TEPRE)
=======================================================
  Seed  21:  35.25%
  Seed  42:  43.86%
  Seed  67:  45.01%
  -----------------------------------------------
  Mean ± Std:  41.37% ± 4.36%
  Min / Max:   35.25% / 45.01%
  Best seed:   67
Saved results to /scratch/rmonterogonzal/FRML_Reproduction/results/shd_tepre/shd_tepre_multiseed.json

All results saved.
